Archive member included to satisfy reference by file (symbol)

c:/program files/stm32/stm32cubeide_1.10.1/stm32cubeide/plugins/com.st.stm32cube.ide.mcu.externaltools.gnu-tools-for-stm32.10.3-2021.10.win32_1.0.0.202111181127/tools/bin/../lib/gcc/arm-none-eabi/10.3.1/../../../../arm-none-eabi/lib/thumb/v7-m/nofp\libc_nano.a(lib_a-errno.o)
                              ./Core/Src/syscalls.o (__errno)
c:/program files/stm32/stm32cubeide_1.10.1/stm32cubeide/plugins/com.st.stm32cube.ide.mcu.externaltools.gnu-tools-for-stm32.10.3-2021.10.win32_1.0.0.202111181127/tools/bin/../lib/gcc/arm-none-eabi/10.3.1/../../../../arm-none-eabi/lib/thumb/v7-m/nofp\libc_nano.a(lib_a-exit.o)
                              c:/program files/stm32/stm32cubeide_1.10.1/stm32cubeide/plugins/com.st.stm32cube.ide.mcu.externaltools.gnu-tools-for-stm32.10.3-2021.10.win32_1.0.0.202111181127/tools/bin/../lib/gcc/arm-none-eabi/10.3.1/../../../../arm-none-eabi/lib/thumb/v7-m/nofp/crt0.o (exit)
c:/program files/stm32/stm32cubeide_1.10.1/stm32cubeide/plugins/com.st.stm32cube.ide.mcu.externaltools.gnu-tools-for-stm32.10.3-2021.10.win32_1.0.0.202111181127/tools/bin/../lib/gcc/arm-none-eabi/10.3.1/../../../../arm-none-eabi/lib/thumb/v7-m/nofp\libc_nano.a(lib_a-impure.o)
                              c:/program files/stm32/stm32cubeide_1.10.1/stm32cubeide/plugins/com.st.stm32cube.ide.mcu.externaltools.gnu-tools-for-stm32.10.3-2021.10.win32_1.0.0.202111181127/tools/bin/../lib/gcc/arm-none-eabi/10.3.1/../../../../arm-none-eabi/lib/thumb/v7-m/nofp\libc_nano.a(lib_a-exit.o) (_global_impure_ptr)
c:/program files/stm32/stm32cubeide_1.10.1/stm32cubeide/plugins/com.st.stm32cube.ide.mcu.externaltools.gnu-tools-for-stm32.10.3-2021.10.win32_1.0.0.202111181127/tools/bin/../lib/gcc/arm-none-eabi/10.3.1/../../../../arm-none-eabi/lib/thumb/v7-m/nofp\libc_nano.a(lib_a-init.o)
                              c:/program files/stm32/stm32cubeide_1.10.1/stm32cubeide/plugins/com.st.stm32cube.ide.mcu.externaltools.gnu-tools-for-stm32.10.3-2021.10.win32_1.0.0.202111181127/tools/bin/../lib/gcc/arm-none-eabi/10.3.1/../../../../arm-none-eabi/lib/thumb/v7-m/nofp/crt0.o (__libc_init_array)
c:/program files/stm32/stm32cubeide_1.10.1/stm32cubeide/plugins/com.st.stm32cube.ide.mcu.externaltools.gnu-tools-for-stm32.10.3-2021.10.win32_1.0.0.202111181127/tools/bin/../lib/gcc/arm-none-eabi/10.3.1/../../../../arm-none-eabi/lib/thumb/v7-m/nofp\libc_nano.a(lib_a-memset.o)
                              c:/program files/stm32/stm32cubeide_1.10.1/stm32cubeide/plugins/com.st.stm32cube.ide.mcu.externaltools.gnu-tools-for-stm32.10.3-2021.10.win32_1.0.0.202111181127/tools/bin/../lib/gcc/arm-none-eabi/10.3.1/../../../../arm-none-eabi/lib/thumb/v7-m/nofp/crt0.o (memset)

Discarded input sections

 .text          0x0000000000000000        0x0 c:/program files/stm32/stm32cubeide_1.10.1/stm32cubeide/plugins/com.st.stm32cube.ide.mcu.externaltools.gnu-tools-for-stm32.10.3-2021.10.win32_1.0.0.202111181127/tools/bin/../lib/gcc/arm-none-eabi/10.3.1/thumb/v7-m/nofp/crti.o
 .data          0x0000000000000000        0x0 c:/program files/stm32/stm32cubeide_1.10.1/stm32cubeide/plugins/com.st.stm32cube.ide.mcu.externaltools.gnu-tools-for-stm32.10.3-2021.10.win32_1.0.0.202111181127/tools/bin/../lib/gcc/arm-none-eabi/10.3.1/thumb/v7-m/nofp/crti.o
 .bss           0x0000000000000000        0x0 c:/program files/stm32/stm32cubeide_1.10.1/stm32cubeide/plugins/com.st.stm32cube.ide.mcu.externaltools.gnu-tools-for-stm32.10.3-2021.10.win32_1.0.0.202111181127/tools/bin/../lib/gcc/arm-none-eabi/10.3.1/thumb/v7-m/nofp/crti.o
 .data          0x0000000000000000        0x4 c:/program files/stm32/stm32cubeide_1.10.1/stm32cubeide/plugins/com.st.stm32cube.ide.mcu.externaltools.gnu-tools-for-stm32.10.3-2021.10.win32_1.0.0.202111181127/tools/bin/../lib/gcc/arm-none-eabi/10.3.1/thumb/v7-m/nofp/crtbegin.o
 .rodata        0x0000000000000000       0x24 c:/program files/stm32/stm32cubeide_1.10.1/stm32cubeide/plugins/com.st.stm32cube.ide.mcu.externaltools.gnu-tools-for-stm32.10.3-2021.10.win32_1.0.0.202111181127/tools/bin/../lib/gcc/arm-none-eabi/10.3.1/thumb/v7-m/nofp/crtbegin.o
 .text          0x0000000000000000       0x7c c:/program files/stm32/stm32cubeide_1.10.1/stm32cubeide/plugins/com.st.stm32cube.ide.mcu.externaltools.gnu-tools-for-stm32.10.3-2021.10.win32_1.0.0.202111181127/tools/bin/../lib/gcc/arm-none-eabi/10.3.1/../../../../arm-none-eabi/lib/thumb/v7-m/nofp/crt0.o
 .data          0x0000000000000000        0x0 c:/program files/stm32/stm32cubeide_1.10.1/stm32cubeide/plugins/com.st.stm32cube.ide.mcu.externaltools.gnu-tools-for-stm32.10.3-2021.10.win32_1.0.0.202111181127/tools/bin/../lib/gcc/arm-none-eabi/10.3.1/../../../../arm-none-eabi/lib/thumb/v7-m/nofp/crt0.o
[...]
Memory Configuration

Name             Origin             Length             Attributes
RAM              0x0000000020000000 0x0000000000005000 xrw
FLASH            0x0000000008000000 0x0000000000020000 xr
*default*        0x0000000000000000 0xffffffffffffffff

Linker script and memory map

LOAD c:/program files/stm32/stm32cubeide_1.10.1/stm32cubeide/plugins/com.st.stm32cube.ide.mcu.externaltools.gnu-tools-for-stm32.10.3-2021.10.win32_1.0.0.202111181127/tools/bin/../lib/gcc/arm-none-eabi/10.3.1/thumb/v7-m/nofp/crti.o
LOAD c:/program files/stm32/stm32cubeide_1.10.1/stm32cubeide/plugins/com.st.stm32cube.ide.mcu.externaltools.gnu-tools-for-stm32.10.3-2021.10.win32_1.0.0.202111181127/tools/bin/../lib/gcc/arm-none-eabi/10.3.1/thumb/v7-m/nofp/crtbegin.o
LOAD c:/program files/stm32/stm32cubeide_1.10.1/stm32cubeide/plugins/com.st.stm32cube.ide.mcu.externaltools.gnu-tools-for-stm32.10.3-2021.10.win32_1.0.0.202111181127/tools/bin/../lib/gcc/arm-none-eabi/10.3.1/../../../../arm-none-eabi/lib/thumb/v7-m/nofp/crt0.o
LOAD ./Core/Src/liquidcrystal_i2c.o
LOAD ./Core/Src/main.o
LOAD ./Core/Src/stm32f1xx_hal_msp.o
LOAD ./Core/Src/stm32f1xx_it.o
LOAD ./Core/Src/syscalls.o
LOAD ./Core/Src/sysmem.o
LOAD ./Core/Src/system_stm32f1xx.o
LOAD ./Core/Startup/startup_stm32f103rbtx.o
LOAD ./Drivers/STM32F1xx_HAL_Driver/Src/stm32f1xx_hal.o
LOAD ./Drivers/STM32F1xx_HAL_Driver/Src/stm32f1xx_hal_adc.o
LOAD ./Drivers/STM32F1xx_HAL_Driver/Src/stm32f1xx_hal_adc_ex.o
LOAD ./Drivers/STM32F1xx_HAL_Driver/Src/stm32f1xx_hal_cortex.o
LOAD ./Drivers/STM32F1xx_HAL_Driver/Src/stm32f1xx_hal_dma.o
LOAD ./Drivers/STM32F1xx_HAL_Driver/Src/stm32f1xx_hal_exti.o
LOAD ./Drivers/STM32F1xx_HAL_Driver/Src/stm32f1xx_hal_flash.o
LOAD ./Drivers/STM32F1xx_HAL_Driver/Src/stm32f1xx_hal_flash_ex.o
LOAD ./Drivers/STM32F1xx_HAL_Driver/Src/stm32f1xx_hal_gpio.o
LOAD ./Drivers/STM32F1xx_HAL_Driver/Src/stm32f1xx_hal_gpio_ex.o
LOAD ./Drivers/STM32F1xx_HAL_Driver/Src/stm32f1xx_hal_i2c.o
LOAD ./Drivers/STM32F1xx_HAL_Driver/Src/stm32f1xx_hal_pcd.o
LOAD ./Drivers/STM32F1xx_HAL_Driver/Src/stm32f1xx_hal_pcd_ex.o
LOAD ./Drivers/STM32F1xx_HAL_Driver/Src/stm32f1xx_hal_pwr.o
LOAD ./Drivers/STM32F1xx_HAL_Driver/Src/stm32f1xx_hal_rcc.o
LOAD ./Drivers/STM32F1xx_HAL_Driver/Src/stm32f1xx_hal_rcc_ex.o
LOAD ./Drivers/STM32F1xx_HAL_Driver/Src/stm32f1xx_hal_spi.o
LOAD ./Drivers/STM32F1xx_HAL_Driver/Src/stm32f1xx_hal_tim.o
LOAD ./Drivers/STM32F1xx_HAL_Driver/Src/stm32f1xx_hal_tim_ex.o
LOAD ./Drivers/STM32F1xx_HAL_Driver/Src/stm32f1xx_hal_uart.o
LOAD ./Drivers/STM32F1xx_HAL_Driver/Src/stm32f1xx_ll_usb.o
LOAD ./Middlewares/ST/STM32_USB_Device_Library/Class/CustomHID/Src/usbd_customhid.o
LOAD ./Middlewares/ST/STM32_USB_Device_Library/Core/Src/usbd_core.o
LOAD ./Middlewares/ST/STM32_USB_Device_Library/Core/Src/usbd_ctlreq.o
LOAD ./Middlewares/ST/STM32_USB_Device_Library/Core/Src/usbd_ioreq.o
LOAD ./USB_DEVICE/App/usb_device.o
LOAD ./USB_DEVICE/App/usbd_custom_hid_if.o
LOAD ./USB_DEVICE/App/usbd_desc.o
LOAD ./USB_DEVICE/Target/usbd_conf.o
START GROUP
LOAD c:/program files/stm32/stm32cubeide_1.10.1/stm32cubeide/plugins/com.st.stm32cube.ide.mcu.externaltools.gnu-tools-for-stm32.10.3-2021.10.win32_1.0.0.202111181127/tools/bin/../lib/gcc/arm-none-eabi/10.3.1/../../../../arm-none-eabi/lib/thumb/v7-m/nofp\libc_nano.a
LOAD c:/program files/stm32/stm32cubeide_1.10.1/stm32cubeide/plugins/com.st.stm32cube.ide.mcu.externaltools.gnu-tools-for-stm32.10.3-2021.10.win32_1.0.0.202111181127/tools/bin/../lib/gcc/arm-none-eabi/10.3.1/../../../../arm-none-eabi/lib/thumb/v7-m/nofp\libm.a
END GROUP
START GROUP
LOAD c:/program files/stm32/stm32cubeide_1.10.1/stm32cubeide/plugins/com.st.stm32cube.ide.mcu.externaltools.gnu-tools-for-stm32.10.3-2021.10.win32_1.0.0.202111181127/tools/bin/../lib/gcc/arm-none-eabi/10.3.1/thumb/v7-m/nofp\libgcc.a
LOAD c:/program files/stm32/stm32cubeide_1.10.1/stm32cubeide/plugins/com.st.stm32cube.ide.mcu.externaltools.gnu-tools-for-stm32.10.3-2021.10.win32_1.0.0.202111181127/tools/bin/../lib/gcc/arm-none-eabi/10.3.1/../../../../arm-none-eabi/lib/thumb/v7-m/nofp\libc_nano.a
END GROUP
START GROUP
LOAD c:/program files/stm32/stm32cubeide_1.10.1/stm32cubeide/plugins/com.st.stm32cube.ide.mcu.externaltools.gnu-tools-for-stm32.10.3-2021.10.win32_1.0.0.202111181127/tools/bin/../lib/gcc/arm-none-eabi/10.3.1/thumb/v7-m/nofp\libgcc.a
LOAD c:/program files/stm32/stm32cubeide_1.10.1/stm32cubeide/plugins/com.st.stm32cube.ide.mcu.externaltools.gnu-tools-for-stm32.10.3-2021.10.win32_1.0.0.202111181127/tools/bin/../lib/gcc/arm-none-eabi/10.3.1/../../../../arm-none-eabi/lib/thumb/v7-m/nofp\libc_nano.a
LOAD c:/program files/stm32/stm32cubeide_1.10.1/stm32cubeide/plugins/com.st.stm32cube.ide.mcu.externaltools.gnu-tools-for-stm32.10.3-2021.10.win32_1.0.0.202111181127/tools/bin/../lib/gcc/arm-none-eabi/10.3.1/../../../../arm-none-eabi/lib/thumb/v7-m/nofp\libnosys.a
END GROUP
START GROUP
LOAD c:/program files/stm32/stm32cubeide_1.10.1/stm32cubeide/plugins/com.st.stm32cube.ide.mcu.externaltools.gnu-tools-for-stm32.10.3-2021.10.win32_1.0.0.202111181127/tools/bin/../lib/gcc/arm-none-eabi/10.3.1/thumb/v7-m/nofp\libgcc.a
LOAD c:/program files/stm32/stm32cubeide_1.10.1/stm32cubeide/plugins/com.st.stm32cube.ide.mcu.externaltools.gnu-tools-for-stm32.10.3-2021.10.win32_1.0.0.202111181127/tools/bin/../lib/gcc/arm-none-eabi/10.3.1/../../../../arm-none-eabi/lib/thumb/v7-m/nofp\libc_nano.a
LOAD c:/program files/stm32/stm32cubeide_1.10.1/stm32cubeide/plugins/com.st.stm32cube.ide.mcu.externaltools.gnu-tools-for-stm32.10.3-2021.10.win32_1.0.0.202111181127/tools/bin/../lib/gcc/arm-none-eabi/10.3.1/../../../../arm-none-eabi/lib/thumb/v7-m/nofp\libnosys.a
END GROUP
LOAD c:/program files/stm32/stm32cubeide_1.10.1/stm32cubeide/plugins/com.st.stm32cube.ide.mcu.externaltools.gnu-tools-for-stm32.10.3-2021.10.win32_1.0.0.202111181127/tools/bin/../lib/gcc/arm-none-eabi/10.3.1/thumb/v7-m/nofp/crtend.o
LOAD c:/program files/stm32/stm32cubeide_1.10.1/stm32cubeide/plugins/com.st.stm32cube.ide.mcu.externaltools.gnu-tools-for-stm32.10.3-2021.10.win32_1.0.0.202111181127/tools/bin/../lib/gcc/arm-none-eabi/10.3.1/thumb/v7-m/nofp/crtn.o
                0x0000000020005000                _estack = (ORIGIN (RAM) + LENGTH (RAM))
                0x0000000000000200                _Min_Heap_Size = 0x200
                0x0000000000000400                _Min_Stack_Size = 0x400

.isr_vector     0x0000000008000000      0x10c
                0x0000000008000000                . = ALIGN (0x4)
 *(.isr_vector)
 .isr_vector    0x0000000008000000      0x10c ./Core/Startup/startup_stm32f103rbtx.o
                0x0000000008000000                g_pfnVectors
                0x000000000800010c                . = ALIGN (0x4)

.text           0x000000000800010c     0xa8fc
                0x000000000800010c                . = ALIGN (0x4)
 *(.text)
 .text          0x000000000800010c       0x40 c:/program files/stm32/stm32cubeide_1.10.1/stm32cubeide/plugins/com.st.stm32cube.ide.mcu.externaltools.gnu-tools-for-stm32.10.3-2021.10.win32_1.0.0.202111181127/tools/bin/../lib/gcc/arm-none-eabi/10.3.1/thumb/v7-m/nofp/crtbegin.o
 *(.text*)
 .text.HD44780_Init
                0x000000000800014c      0x108 ./Core/Src/liquidcrystal_i2c.o
                0x000000000800014c                HD44780_Init
 .text.HD44780_Clear
                0x0000000008000254       0x16 ./Core/Src/liquidcrystal_i2c.o
                0x0000000008000254                HD44780_Clear
 .text.HD44780_Home
                0x000000000800026a       0x16 ./Core/Src/liquidcrystal_i2c.o
                0x000000000800026a                HD44780_Home
 .text.HD44780_SetCursor
                0x0000000008000280       0x64 ./Core/Src/liquidcrystal_i2c.o
                0x0000000008000280                HD44780_SetCursor
 .text.HD44780_Display
                0x00000000080002e4       0x2c ./Core/Src/liquidcrystal_i2c.o
                0x00000000080002e4                HD44780_Display
 .text.HD44780_CreateSpecialChar
                0x0000000008000310       0x52 ./Core/Src/liquidcrystal_i2c.o
                0x0000000008000310                HD44780_CreateSpecialChar
 .text.HD44780_PrintStr
                0x0000000008000362       0x2a ./Core/Src/liquidcrystal_i2c.o
                0x0000000008000362                HD44780_PrintStr
 .text.HD44780_NoBacklight
                0x000000000800038c       0x18 ./Core/Src/liquidcrystal_i2c.o
                0x000000000800038c                HD44780_NoBacklight
 .text.HD44780_Backlight
                0x00000000080003a4       0x18 ./Core/Src/liquidcrystal_i2c.o
                0x00000000080003a4                HD44780_Backlight
 .text.SendCommand
                0x00000000080003bc       0x1c ./Core/Src/liquidcrystal_i2c.o
 .text.SendChar
                0x00000000080003d8       0x1c ./Core/Src/liquidcrystal_i2c.o
 .text.Send     0x00000000080003f4       0x42 ./Core/Src/liquidcrystal_i2c.o
 .text.Write4Bits
                0x0000000008000436       0x22 ./Core/Src/liquidcrystal_i2c.o
 .text.ExpanderWrite
                0x0000000008000458       0x38 ./Core/Src/liquidcrystal_i2c.o
 .text.PulseEnable
                0x0000000008000490       0x3a ./Core/Src/liquidcrystal_i2c.o
 *fill*         0x00000000080004ca        0x2 
 .text.DelayInit
                0x00000000080004cc       0x50 ./Core/Src/liquidcrystal_i2c.o
 .text.DelayUS  0x000000000800051c       0x4c ./Core/Src/liquidcrystal_i2c.o
 .text.main     0x0000000008000568      0x288 ./Core/Src/main.o
                0x0000000008000568                main
 .text.SystemClock_Config
                0x00000000080007f0       0xbc ./Core/Src/main.o
                0x00000000080007f0                SystemClock_Config
 .text.MX_ADC1_Init
                0x00000000080008ac       0x7c ./Core/Src/main.o
 .text.MX_I2C1_Init
                0x0000000008000928       0x5c ./Core/Src/main.o
 .text.MX_SPI2_Init
                0x0000000008000984       0x6c ./Core/Src/main.o
 .text.MX_TIM1_Init
                0x00000000080009f0      0x138 ./Core/Src/main.o
 .text.MX_USART3_UART_Init
                0x0000000008000b28       0x54 ./Core/Src/main.o
 .text.MX_GPIO_Init
                0x0000000008000b7c      0x108 ./Core/Src/main.o
 .text.Error_Handler
                0x0000000008000c84        0xa ./Core/Src/main.o
                0x0000000008000c84                Error_Handler
 *fill*         0x0000000008000c8e        0x2 
 .text.HAL_MspInit
                0x0000000008000c90       0x64 ./Core/Src/stm32f1xx_hal_msp.o
                0x0000000008000c90                HAL_MspInit
 .text.HAL_ADC_MspInit
                0x0000000008000cf4       0x78 ./Core/Src/stm32f1xx_hal_msp.o
                0x0000000008000cf4                HAL_ADC_MspInit
 .text.HAL_I2C_MspInit
                0x0000000008000d6c       0xa0 ./Core/Src/stm32f1xx_hal_msp.o
                0x0000000008000d6c                HAL_I2C_MspInit
 .text.HAL_SPI_MspInit
                0x0000000008000e0c       0x80 ./Core/Src/stm32f1xx_hal_msp.o
                0x0000000008000e0c                HAL_SPI_MspInit
 .text.HAL_TIM_PWM_MspInit
                0x0000000008000e8c       0x3c ./Core/Src/stm32f1xx_hal_msp.o
                0x0000000008000e8c                HAL_TIM_PWM_MspInit
 .text.HAL_TIM_MspPostInit
                0x0000000008000ec8       0x68 ./Core/Src/stm32f1xx_hal_msp.o
                0x0000000008000ec8                HAL_TIM_MspPostInit
 .text.HAL_UART_MspInit
                0x0000000008000f30       0xa8 ./Core/Src/stm32f1xx_hal_msp.o
                0x0000000008000f30                HAL_UART_MspInit
 .text.NMI_Handler
                0x0000000008000fd8        0x6 ./Core/Src/stm32f1xx_it.o
                0x0000000008000fd8                NMI_Handler
 .text.HardFault_Handler
                0x0000000008000fde        0x6 ./Core/Src/stm32f1xx_it.o
                0x0000000008000fde                HardFault_Handler
 .text.MemManage_Handler
                0x0000000008000fe4        0x6 ./Core/Src/stm32f1xx_it.o
                0x0000000008000fe4                MemManage_Handler
 .text.BusFault_Handler
                0x0000000008000fea        0x6 ./Core/Src/stm32f1xx_it.o
                0x0000000008000fea                BusFault_Handler
 .text.UsageFault_Handler
                0x0000000008000ff0        0x6 ./Core/Src/stm32f1xx_it.o
                0x0000000008000ff0                UsageFault_Handler
 .text.SVC_Handler
                0x0000000008000ff6        0xc ./Core/Src/stm32f1xx_it.o
                0x0000000008000ff6                SVC_Handler
 .text.DebugMon_Handler
                0x0000000008001002        0xc ./Core/Src/stm32f1xx_it.o
                0x0000000008001002                DebugMon_Handler
 .text.PendSV_Handler
                0x000000000800100e        0xc ./Core/Src/stm32f1xx_it.o
                0x000000000800100e                PendSV_Handler
 .text.SysTick_Handler
                0x000000000800101a        0xc ./Core/Src/stm32f1xx_it.o
                0x000000000800101a                SysTick_Handler
 *fill*         0x0000000008001026        0x2 
 .text.USB_LP_CAN1_RX0_IRQHandler
                0x0000000008001028       0x14 ./Core/Src/stm32f1xx_it.o
                0x0000000008001028                USB_LP_CAN1_RX0_IRQHandler
 .text.USART3_IRQHandler
                0x000000000800103c       0x14 ./Core/Src/stm32f1xx_it.o
                0x000000000800103c                USART3_IRQHandler
 .text.EXTI15_10_IRQHandler
                0x0000000008001050       0x10 ./Core/Src/stm32f1xx_it.o
                0x0000000008001050                EXTI15_10_IRQHandler
 .text.SystemInit
                0x0000000008001060        0xc ./Core/Src/system_stm32f1xx.o
                0x0000000008001060                SystemInit
 .text.Reset_Handler
                0x000000000800106c       0x48 ./Core/Startup/startup_stm32f103rbtx.o
                0x000000000800106c                Reset_Handler
 .text.Default_Handler
                0x00000000080010b4        0x2 ./Core/Startup/startup_stm32f103rbtx.o
                0x00000000080010b4                RTC_Alarm_IRQHandler
                0x00000000080010b4                EXTI2_IRQHandler
                0x00000000080010b4                TIM1_CC_IRQHandler
                0x00000000080010b4                PVD_IRQHandler
                0x00000000080010b4                EXTI3_IRQHandler
                0x00000000080010b4                EXTI0_IRQHandler
                0x00000000080010b4                I2C2_EV_IRQHandler
                0x00000000080010b4                ADC1_2_IRQHandler
                0x00000000080010b4                SPI1_IRQHandler
                0x00000000080010b4                TAMPER_IRQHandler
                0x00000000080010b4                DMA1_Channel4_IRQHandler
                0x00000000080010b4                RTC_IRQHandler
                0x00000000080010b4                DMA1_Channel7_IRQHandler
                0x00000000080010b4                CAN1_RX1_IRQHandler
                0x00000000080010b4                TIM4_IRQHandler
                0x00000000080010b4                I2C1_EV_IRQHandler
                0x00000000080010b4                DMA1_Channel6_IRQHandler
                0x00000000080010b4                TIM3_IRQHandler
                0x00000000080010b4                RCC_IRQHandler
                0x00000000080010b4                TIM1_TRG_COM_IRQHandler
                0x00000000080010b4                DMA1_Channel1_IRQHandler
                0x00000000080010b4                Default_Handler
                0x00000000080010b4                EXTI9_5_IRQHandler
                0x00000000080010b4                SPI2_IRQHandler
                0x00000000080010b4                DMA1_Channel5_IRQHandler
                0x00000000080010b4                EXTI4_IRQHandler
                0x00000000080010b4                USB_HP_CAN1_TX_IRQHandler
                0x00000000080010b4                DMA1_Channel3_IRQHandler
                0x00000000080010b4                TIM1_UP_IRQHandler
                0x00000000080010b4                WWDG_IRQHandler
                0x00000000080010b4                TIM2_IRQHandler
                0x00000000080010b4                TIM1_BRK_IRQHandler
                0x00000000080010b4                EXTI1_IRQHandler
                0x00000000080010b4                USART2_IRQHandler
                0x00000000080010b4                I2C2_ER_IRQHandler
                0x00000000080010b4                DMA1_Channel2_IRQHandler
                0x00000000080010b4                CAN1_SCE_IRQHandler
                0x00000000080010b4                FLASH_IRQHandler
                0x00000000080010b4                USART1_IRQHandler
                0x00000000080010b4                I2C1_ER_IRQHandler
                0x00000000080010b4                USBWakeUp_IRQHandler
 *fill*         0x00000000080010b6        0x2 
 .text.HAL_Init
                0x00000000080010b8       0x2c ./Drivers/STM32F1xx_HAL_Driver/Src/stm32f1xx_hal.o
                0x00000000080010b8                HAL_Init
 .text.HAL_InitTick
                0x00000000080010e4       0x60 ./Drivers/STM32F1xx_HAL_Driver/Src/stm32f1xx_hal.o
                0x00000000080010e4                HAL_InitTick
 .text.HAL_IncTick
                0x0000000008001144       0x24 ./Drivers/STM32F1xx_HAL_Driver/Src/stm32f1xx_hal.o
                0x0000000008001144                HAL_IncTick
 .text.HAL_GetTick
                0x0000000008001168       0x14 ./Drivers/STM32F1xx_HAL_Driver/Src/stm32f1xx_hal.o
                0x0000000008001168                HAL_GetTick
 .text.HAL_Delay
                0x000000000800117c       0x48 ./Drivers/STM32F1xx_HAL_Driver/Src/stm32f1xx_hal.o
                0x000000000800117c                HAL_Delay
 .text.HAL_ADC_Init
                0x00000000080011c4      0x1b0 ./Drivers/STM32F1xx_HAL_Driver/Src/stm32f1xx_hal_adc.o
                0x00000000080011c4                HAL_ADC_Init
 .text.HAL_ADC_Start
                0x0000000008001374      0x15c ./Drivers/STM32F1xx_HAL_Driver/Src/stm32f1xx_hal_adc.o
                0x0000000008001374                HAL_ADC_Start
 .text.HAL_ADC_Stop
                0x00000000080014d0       0x58 ./Drivers/STM32F1xx_HAL_Driver/Src/stm32f1xx_hal_adc.o
                0x00000000080014d0                HAL_ADC_Stop
 .text.HAL_ADC_PollForConversion
                0x0000000008001528      0x20c ./Drivers/STM32F1xx_HAL_Driver/Src/stm32f1xx_hal_adc.o
                0x0000000008001528                HAL_ADC_PollForConversion
 .text.HAL_ADC_GetValue
                0x0000000008001734       0x18 ./Drivers/STM32F1xx_HAL_Driver/Src/stm32f1xx_hal_adc.o
                0x0000000008001734                HAL_ADC_GetValue
 .text.HAL_ADC_ConfigChannel
                0x000000000800174c      0x1f0 ./Drivers/STM32F1xx_HAL_Driver/Src/stm32f1xx_hal_adc.o
                0x000000000800174c                HAL_ADC_ConfigChannel
 .text.ADC_Enable
                0x000000000800193c       0xb4 ./Drivers/STM32F1xx_HAL_Driver/Src/stm32f1xx_hal_adc.o
                0x000000000800193c                ADC_Enable
 .text.ADC_ConversionStop_Disable
                0x00000000080019f0       0x82 ./Drivers/STM32F1xx_HAL_Driver/Src/stm32f1xx_hal_adc.o
                0x00000000080019f0                ADC_ConversionStop_Disable
 *fill*         0x0000000008001a72        0x2 
 .text.__NVIC_SetPriorityGrouping
                0x0000000008001a74       0x48 ./Drivers/STM32F1xx_HAL_Driver/Src/stm32f1xx_hal_cortex.o
 .text.__NVIC_GetPriorityGrouping
                0x0000000008001abc       0x1c ./Drivers/STM32F1xx_HAL_Driver/Src/stm32f1xx_hal_cortex.o
 .text.__NVIC_EnableIRQ
                0x0000000008001ad8       0x38 ./Drivers/STM32F1xx_HAL_Driver/Src/stm32f1xx_hal_cortex.o
 .text.__NVIC_SetPriority
                0x0000000008001b10       0x54 ./Drivers/STM32F1xx_HAL_Driver/Src/stm32f1xx_hal_cortex.o
 .text.NVIC_EncodePriority
                0x0000000008001b64       0x64 ./Drivers/STM32F1xx_HAL_Driver/Src/stm32f1xx_hal_cortex.o
 .text.SysTick_Config
                0x0000000008001bc8       0x44 ./Drivers/STM32F1xx_HAL_Driver/Src/stm32f1xx_hal_cortex.o
 .text.HAL_NVIC_SetPriorityGrouping
                0x0000000008001c0c       0x16 ./Drivers/STM32F1xx_HAL_Driver/Src/stm32f1xx_hal_cortex.o
                0x0000000008001c0c                HAL_NVIC_SetPriorityGrouping
 .text.HAL_NVIC_SetPriority
                0x0000000008001c22       0x38 ./Drivers/STM32F1xx_HAL_Driver/Src/stm32f1xx_hal_cortex.o
                0x0000000008001c22                HAL_NVIC_SetPriority
 .text.HAL_NVIC_EnableIRQ
                0x0000000008001c5a       0x1c ./Drivers/STM32F1xx_HAL_Driver/Src/stm32f1xx_hal_cortex.o
                0x0000000008001c5a                HAL_NVIC_EnableIRQ
 .text.HAL_SYSTICK_Config
                0x0000000008001c76       0x18 ./Drivers/STM32F1xx_HAL_Driver/Src/stm32f1xx_hal_cortex.o
                0x0000000008001c76                HAL_SYSTICK_Config
 .text.HAL_DMA_Abort
                0x0000000008001c8e       0x74 ./Drivers/STM32F1xx_HAL_Driver/Src/stm32f1xx_hal_dma.o
                0x0000000008001c8e                HAL_DMA_Abort
 *fill*         0x0000000008001d02        0x2 
 .text.HAL_DMA_Abort_IT
                0x0000000008001d04       0xec ./Drivers/STM32F1xx_HAL_Driver/Src/stm32f1xx_hal_dma.o
                0x0000000008001d04                HAL_DMA_Abort_IT
 .text.HAL_GPIO_Init
                0x0000000008001df0      0x308 ./Drivers/STM32F1xx_HAL_Driver/Src/stm32f1xx_hal_gpio.o
                0x0000000008001df0                HAL_GPIO_Init
 .text.HAL_GPIO_ReadPin
                0x00000000080020f8       0x2e ./Drivers/STM32F1xx_HAL_Driver/Src/stm32f1xx_hal_gpio.o
                0x00000000080020f8                HAL_GPIO_ReadPin
 .text.HAL_GPIO_WritePin
                0x0000000008002126       0x30 ./Drivers/STM32F1xx_HAL_Driver/Src/stm32f1xx_hal_gpio.o
                0x0000000008002126                HAL_GPIO_WritePin
 *fill*         0x0000000008002156        0x2 
 .text.HAL_GPIO_EXTI_IRQHandler
                0x0000000008002158       0x30 ./Drivers/STM32F1xx_HAL_Driver/Src/stm32f1xx_hal_gpio.o
                0x0000000008002158                HAL_GPIO_EXTI_IRQHandler
 .text.HAL_GPIO_EXTI_Callback
                0x0000000008002188       0x14 ./Drivers/STM32F1xx_HAL_Driver/Src/stm32f1xx_hal_gpio.o
                0x0000000008002188                HAL_GPIO_EXTI_Callback
 .text.HAL_I2C_Init
                0x000000000800219c      0x288 ./Drivers/STM32F1xx_HAL_Driver/Src/stm32f1xx_hal_i2c.o
                0x000000000800219c                HAL_I2C_Init
 .text.HAL_I2C_Master_Transmit
                0x0000000008002424      0x1fc ./Drivers/STM32F1xx_HAL_Driver/Src/stm32f1xx_hal_i2c.o
                0x0000000008002424                HAL_I2C_Master_Transmit
 .text.I2C_MasterRequestWrite
                0x0000000008002620      0x104 ./Drivers/STM32F1xx_HAL_Driver/Src/stm32f1xx_hal_i2c.o
 .text.I2C_WaitOnFlagUntilTimeout
                0x0000000008002724       0xae ./Drivers/STM32F1xx_HAL_Driver/Src/stm32f1xx_hal_i2c.o
 .text.I2C_WaitOnMasterAddressFlagUntilTimeout
                0x00000000080027d2       0xfe ./Drivers/STM32F1xx_HAL_Driver/Src/stm32f1xx_hal_i2c.o
 .text.I2C_WaitOnTXEFlagUntilTimeout
                0x00000000080028d0       0x82 ./Drivers/STM32F1xx_HAL_Driver/Src/stm32f1xx_hal_i2c.o
 .text.I2C_WaitOnBTFFlagUntilTimeout
                0x0000000008002952       0x82 ./Drivers/STM32F1xx_HAL_Driver/Src/stm32f1xx_hal_i2c.o
 .text.I2C_IsAcknowledgeFailed
                0x00000000080029d4       0x5c ./Drivers/STM32F1xx_HAL_Driver/Src/stm32f1xx_hal_i2c.o
 .text.HAL_PCD_Init
                0x0000000008002a30      0x216 ./Drivers/STM32F1xx_HAL_Driver/Src/stm32f1xx_hal_pcd.o
                0x0000000008002a30                HAL_PCD_Init
 .text.HAL_PCD_Start
                0x0000000008002c46       0x4c ./Drivers/STM32F1xx_HAL_Driver/Src/stm32f1xx_hal_pcd.o
                0x0000000008002c46                HAL_PCD_Start
 .text.HAL_PCD_IRQHandler
                0x0000000008002c92      0x2a6 ./Drivers/STM32F1xx_HAL_Driver/Src/stm32f1xx_hal_pcd.o
                0x0000000008002c92                HAL_PCD_IRQHandler
 .text.HAL_PCD_SetAddress
                0x0000000008002f38       0x4a ./Drivers/STM32F1xx_HAL_Driver/Src/stm32f1xx_hal_pcd.o
                0x0000000008002f38                HAL_PCD_SetAddress
 .text.HAL_PCD_EP_Open
                0x0000000008002f82       0xcc ./Drivers/STM32F1xx_HAL_Driver/Src/stm32f1xx_hal_pcd.o
                0x0000000008002f82                HAL_PCD_EP_Open
 .text.HAL_PCD_EP_Close
                0x000000000800304e       0x90 ./Drivers/STM32F1xx_HAL_Driver/Src/stm32f1xx_hal_pcd.o
                0x000000000800304e                HAL_PCD_EP_Close
 .text.HAL_PCD_EP_Receive
                0x00000000080030de       0x7a ./Drivers/STM32F1xx_HAL_Driver/Src/stm32f1xx_hal_pcd.o
                0x00000000080030de                HAL_PCD_EP_Receive
 .text.HAL_PCD_EP_Transmit
                0x0000000008003158       0x86 ./Drivers/STM32F1xx_HAL_Driver/Src/stm32f1xx_hal_pcd.o
                0x0000000008003158                HAL_PCD_EP_Transmit
 .text.HAL_PCD_EP_SetStall
                0x00000000080031de       0xc0 ./Drivers/STM32F1xx_HAL_Driver/Src/stm32f1xx_hal_pcd.o
                0x00000000080031de                HAL_PCD_EP_SetStall
 .text.HAL_PCD_EP_ClrStall
                0x000000000800329e       0xa8 ./Drivers/STM32F1xx_HAL_Driver/Src/stm32f1xx_hal_pcd.o
                0x000000000800329e                HAL_PCD_EP_ClrStall
 .text.PCD_EP_ISR_Handler
                0x0000000008003346      0x600 ./Drivers/STM32F1xx_HAL_Driver/Src/stm32f1xx_hal_pcd.o
 .text.HAL_PCD_EP_DB_Receive
                0x0000000008003946      0x21a ./Drivers/STM32F1xx_HAL_Driver/Src/stm32f1xx_hal_pcd.o
 .text.HAL_PCD_EP_DB_Transmit
                0x0000000008003b60      0x7a4 ./Drivers/STM32F1xx_HAL_Driver/Src/stm32f1xx_hal_pcd.o
 .text.HAL_PCDEx_PMAConfig
                0x0000000008004304       0x84 ./Drivers/STM32F1xx_HAL_Driver/Src/stm32f1xx_hal_pcd_ex.o
                0x0000000008004304                HAL_PCDEx_PMAConfig
 .text.HAL_RCC_OscConfig
                0x0000000008004388      0x504 ./Drivers/STM32F1xx_HAL_Driver/Src/stm32f1xx_hal_rcc.o
                0x0000000008004388                HAL_RCC_OscConfig
 .text.HAL_RCC_ClockConfig
                0x000000000800488c      0x1d4 ./Drivers/STM32F1xx_HAL_Driver/Src/stm32f1xx_hal_rcc.o
                0x000000000800488c                HAL_RCC_ClockConfig
 .text.HAL_RCC_GetSysClockFreq
                0x0000000008004a60       0xbc ./Drivers/STM32F1xx_HAL_Driver/Src/stm32f1xx_hal_rcc.o
                0x0000000008004a60                HAL_RCC_GetSysClockFreq
 .text.HAL_RCC_GetHCLKFreq
                0x0000000008004b1c       0x14 ./Drivers/STM32F1xx_HAL_Driver/Src/stm32f1xx_hal_rcc.o
                0x0000000008004b1c                HAL_RCC_GetHCLKFreq
 .text.HAL_RCC_GetPCLK1Freq
                0x0000000008004b30       0x28 ./Drivers/STM32F1xx_HAL_Driver/Src/stm32f1xx_hal_rcc.o
                0x0000000008004b30                HAL_RCC_GetPCLK1Freq
 .text.HAL_RCC_GetPCLK2Freq
                0x0000000008004b58       0x28 ./Drivers/STM32F1xx_HAL_Driver/Src/stm32f1xx_hal_rcc.o
                0x0000000008004b58                HAL_RCC_GetPCLK2Freq
 .text.RCC_Delay
                0x0000000008004b80       0x3c ./Drivers/STM32F1xx_HAL_Driver/Src/stm32f1xx_hal_rcc.o
 .text.HAL_RCCEx_PeriphCLKConfig
                0x0000000008004bbc      0x16c ./Drivers/STM32F1xx_HAL_Driver/Src/stm32f1xx_hal_rcc_ex.o
                0x0000000008004bbc                HAL_RCCEx_PeriphCLKConfig
 .text.HAL_RCCEx_GetPeriphCLKFreq
                0x0000000008004d28      0x180 ./Drivers/STM32F1xx_HAL_Driver/Src/stm32f1xx_hal_rcc_ex.o
                0x0000000008004d28                HAL_RCCEx_GetPeriphCLKFreq
 .text.HAL_SPI_Init
                0x0000000008004ea8      0x108 ./Drivers/STM32F1xx_HAL_Driver/Src/stm32f1xx_hal_spi.o
                0x0000000008004ea8                HAL_SPI_Init
 .text.HAL_TIM_PWM_Init
                0x0000000008004fb0       0x9e ./Drivers/STM32F1xx_HAL_Driver/Src/stm32f1xx_hal_tim.o
                0x0000000008004fb0                HAL_TIM_PWM_Init
 *fill*         0x000000000800504e        0x2 
 .text.HAL_TIM_PWM_Start
                0x0000000008005050      0x144 ./Drivers/STM32F1xx_HAL_Driver/Src/stm32f1xx_hal_tim.o
                0x0000000008005050                HAL_TIM_PWM_Start
 .text.HAL_TIM_PWM_ConfigChannel
                0x0000000008005194      0x17c ./Drivers/STM32F1xx_HAL_Driver/Src/stm32f1xx_hal_tim.o
                0x0000000008005194                HAL_TIM_PWM_ConfigChannel
 .text.TIM_Base_SetConfig
                0x0000000008005310       0xc4 ./Drivers/STM32F1xx_HAL_Driver/Src/stm32f1xx_hal_tim.o
                0x0000000008005310                TIM_Base_SetConfig
 .text.TIM_OC1_SetConfig
                0x00000000080053d4       0xcc ./Drivers/STM32F1xx_HAL_Driver/Src/stm32f1xx_hal_tim.o
 .text.TIM_OC2_SetConfig
                0x00000000080054a0       0xd4 ./Drivers/STM32F1xx_HAL_Driver/Src/stm32f1xx_hal_tim.o
                0x00000000080054a0                TIM_OC2_SetConfig
 .text.TIM_OC3_SetConfig
                0x0000000008005574       0xd4 ./Drivers/STM32F1xx_HAL_Driver/Src/stm32f1xx_hal_tim.o
 .text.TIM_OC4_SetConfig
                0x0000000008005648       0x9c ./Drivers/STM32F1xx_HAL_Driver/Src/stm32f1xx_hal_tim.o
 .text.TIM_CCxChannelCmd
                0x00000000080056e4       0x48 ./Drivers/STM32F1xx_HAL_Driver/Src/stm32f1xx_hal_tim.o
                0x00000000080056e4                TIM_CCxChannelCmd
 .text.HAL_TIMEx_MasterConfigSynchronization
                0x000000000800572c       0xbc ./Drivers/STM32F1xx_HAL_Driver/Src/stm32f1xx_hal_tim_ex.o
                0x000000000800572c                HAL_TIMEx_MasterConfigSynchronization
 .text.HAL_TIMEx_ConfigBreakDeadTime
                0x00000000080057e8       0xa2 ./Drivers/STM32F1xx_HAL_Driver/Src/stm32f1xx_hal_tim_ex.o
                0x00000000080057e8                HAL_TIMEx_ConfigBreakDeadTime
 .text.HAL_UART_Init
                0x000000000800588a       0x9a ./Drivers/STM32F1xx_HAL_Driver/Src/stm32f1xx_hal_uart.o
                0x000000000800588a                HAL_UART_Init
 .text.HAL_UART_IRQHandler
                0x0000000008005924      0x354 ./Drivers/STM32F1xx_HAL_Driver/Src/stm32f1xx_hal_uart.o
                0x0000000008005924                HAL_UART_IRQHandler
 .text.HAL_UART_TxCpltCallback
                0x0000000008005c78       0x12 ./Drivers/STM32F1xx_HAL_Driver/Src/stm32f1xx_hal_uart.o
                0x0000000008005c78                HAL_UART_TxCpltCallback
 .text.HAL_UART_RxCpltCallback
                0x0000000008005c8a       0x12 ./Drivers/STM32F1xx_HAL_Driver/Src/stm32f1xx_hal_uart.o
                0x0000000008005c8a                HAL_UART_RxCpltCallback
 .text.HAL_UART_ErrorCallback
                0x0000000008005c9c       0x12 ./Drivers/STM32F1xx_HAL_Driver/Src/stm32f1xx_hal_uart.o
                0x0000000008005c9c                HAL_UART_ErrorCallback
 .text.HAL_UARTEx_RxEventCallback
                0x0000000008005cae       0x16 ./Drivers/STM32F1xx_HAL_Driver/Src/stm32f1xx_hal_uart.o
                0x0000000008005cae                HAL_UARTEx_RxEventCallback
 .text.UART_EndRxTransfer
                0x0000000008005cc4       0x58 ./Drivers/STM32F1xx_HAL_Driver/Src/stm32f1xx_hal_uart.o
 .text.UART_DMAAbortOnError
                0x0000000008005d1c       0x28 ./Drivers/STM32F1xx_HAL_Driver/Src/stm32f1xx_hal_uart.o
 .text.UART_Transmit_IT
                0x0000000008005d44       0x9e ./Drivers/STM32F1xx_HAL_Driver/Src/stm32f1xx_hal_uart.o
 .text.UART_EndTransmit_IT
                0x0000000008005de2       0x30 ./Drivers/STM32F1xx_HAL_Driver/Src/stm32f1xx_hal_uart.o
 .text.UART_Receive_IT
                0x0000000008005e12      0x152 ./Drivers/STM32F1xx_HAL_Driver/Src/stm32f1xx_hal_uart.o
 .text.UART_SetConfig
                0x0000000008005f64      0x11c ./Drivers/STM32F1xx_HAL_Driver/Src/stm32f1xx_hal_uart.o
 .text.USB_CoreInit
                0x0000000008006080       0x20 ./Drivers/STM32F1xx_HAL_Driver/Src/stm32f1xx_ll_usb.o
                0x0000000008006080                USB_CoreInit
 .text.USB_EnableGlobalInt
                0x00000000080060a0       0x2c ./Drivers/STM32F1xx_HAL_Driver/Src/stm32f1xx_ll_usb.o
                0x00000000080060a0                USB_EnableGlobalInt
 .text.USB_DisableGlobalInt
                0x00000000080060cc       0x34 ./Drivers/STM32F1xx_HAL_Driver/Src/stm32f1xx_ll_usb.o
                0x00000000080060cc                USB_DisableGlobalInt
 .text.USB_SetCurrentMode
                0x0000000008006100       0x18 ./Drivers/STM32F1xx_HAL_Driver/Src/stm32f1xx_ll_usb.o
                0x0000000008006100                USB_SetCurrentMode
 .text.USB_DevInit
                0x0000000008006118       0x40 ./Drivers/STM32F1xx_HAL_Driver/Src/stm32f1xx_ll_usb.o
                0x0000000008006118                USB_DevInit
 .text.USB_ActivateEndpoint
                0x0000000008006158      0x6d4 ./Drivers/STM32F1xx_HAL_Driver/Src/stm32f1xx_ll_usb.o
                0x0000000008006158                USB_ActivateEndpoint
 .text.USB_DeactivateEndpoint
                0x000000000800682c      0x3d8 ./Drivers/STM32F1xx_HAL_Driver/Src/stm32f1xx_ll_usb.o
                0x000000000800682c                USB_DeactivateEndpoint
 .text.USB_EPStartXfer
                0x0000000008006c04     0x1c70 ./Drivers/STM32F1xx_HAL_Driver/Src/stm32f1xx_ll_usb.o
                0x0000000008006c04                USB_EPStartXfer
 .text.USB_EPSetStall
                0x0000000008008874       0xa0 ./Drivers/STM32F1xx_HAL_Driver/Src/stm32f1xx_ll_usb.o
                0x0000000008008874                USB_EPSetStall
 .text.USB_EPClearStall
                0x0000000008008914      0x15a ./Drivers/STM32F1xx_HAL_Driver/Src/stm32f1xx_ll_usb.o
                0x0000000008008914                USB_EPClearStall
 .text.USB_SetDevAddress
                0x0000000008008a6e       0x26 ./Drivers/STM32F1xx_HAL_Driver/Src/stm32f1xx_ll_usb.o
                0x0000000008008a6e                USB_SetDevAddress
 .text.USB_DevConnect
                0x0000000008008a94       0x14 ./Drivers/STM32F1xx_HAL_Driver/Src/stm32f1xx_ll_usb.o
                0x0000000008008a94                USB_DevConnect
 .text.USB_DevDisconnect
                0x0000000008008aa8       0x14 ./Drivers/STM32F1xx_HAL_Driver/Src/stm32f1xx_ll_usb.o
                0x0000000008008aa8                USB_DevDisconnect
 .text.USB_ReadInterrupts
                0x0000000008008abc       0x1e ./Drivers/STM32F1xx_HAL_Driver/Src/stm32f1xx_ll_usb.o
                0x0000000008008abc                USB_ReadInterrupts
 .text.USB_EP0_OutStart
                0x0000000008008ada       0x16 ./Drivers/STM32F1xx_HAL_Driver/Src/stm32f1xx_ll_usb.o
                0x0000000008008ada                USB_EP0_OutStart
 .text.USB_WritePMA
                0x0000000008008af0       0x8a ./Drivers/STM32F1xx_HAL_Driver/Src/stm32f1xx_ll_usb.o
                0x0000000008008af0                USB_WritePMA
 .text.USB_ReadPMA
                0x0000000008008b7a       0x9e ./Drivers/STM32F1xx_HAL_Driver/Src/stm32f1xx_ll_usb.o
                0x0000000008008b7a                USB_ReadPMA
 .text.USBD_CUSTOM_HID_Init
                0x0000000008008c18       0x84 ./Middlewares/ST/STM32_USB_Device_Library/Class/CustomHID/Src/usbd_customhid.o
 .text.USBD_CUSTOM_HID_DeInit
                0x0000000008008c9c       0x5c ./Middlewares/ST/STM32_USB_Device_Library/Class/CustomHID/Src/usbd_customhid.o
 .text.USBD_CUSTOM_HID_Setup
                0x0000000008008cf8      0x200 ./Middlewares/ST/STM32_USB_Device_Library/Class/CustomHID/Src/usbd_customhid.o
 .text.USBD_CUSTOM_HID_SendReport
                0x0000000008008ef8       0x4e ./Middlewares/ST/STM32_USB_Device_Library/Class/CustomHID/Src/usbd_customhid.o
                0x0000000008008ef8                USBD_CUSTOM_HID_SendReport
 *fill*         0x0000000008008f46        0x2 
 .text.USBD_CUSTOM_HID_GetFSCfgDesc
                0x0000000008008f48       0x20 ./Middlewares/ST/STM32_USB_Device_Library/Class/CustomHID/Src/usbd_customhid.o
 .text.USBD_CUSTOM_HID_GetHSCfgDesc
                0x0000000008008f68       0x20 ./Middlewares/ST/STM32_USB_Device_Library/Class/CustomHID/Src/usbd_customhid.o
 .text.USBD_CUSTOM_HID_GetOtherSpeedCfgDesc
                0x0000000008008f88       0x20 ./Middlewares/ST/STM32_USB_Device_Library/Class/CustomHID/Src/usbd_customhid.o
 .text.USBD_CUSTOM_HID_DataIn
                0x0000000008008fa8       0x24 ./Middlewares/ST/STM32_USB_Device_Library/Class/CustomHID/Src/usbd_customhid.o
 .text.USBD_CUSTOM_HID_DataOut
                0x0000000008008fcc       0x3e ./Middlewares/ST/STM32_USB_Device_Library/Class/CustomHID/Src/usbd_customhid.o
 .text.USBD_CUSTOM_HID_EP0_RxReady
                0x000000000800900a       0x3c ./Middlewares/ST/STM32_USB_Device_Library/Class/CustomHID/Src/usbd_customhid.o
 *fill*         0x0000000008009046        0x2 
 .text.USBD_CUSTOM_HID_GetDeviceQualifierDesc
                0x0000000008009048       0x20 ./Middlewares/ST/STM32_USB_Device_Library/Class/CustomHID/Src/usbd_customhid.o
 .text.USBD_CUSTOM_HID_RegisterInterface
                0x0000000008009068       0x2c ./Middlewares/ST/STM32_USB_Device_Library/Class/CustomHID/Src/usbd_customhid.o
                0x0000000008009068                USBD_CUSTOM_HID_RegisterInterface
 .text.USBD_Init
                0x0000000008009094       0x56 ./Middlewares/ST/STM32_USB_Device_Library/Core/Src/usbd_core.o
                0x0000000008009094                USBD_Init
 .text.USBD_RegisterClass
                0x00000000080090ea       0x32 ./Middlewares/ST/STM32_USB_Device_Library/Core/Src/usbd_core.o
                0x00000000080090ea                USBD_RegisterClass
 .text.USBD_Start
                0x000000000800911c       0x18 ./Middlewares/ST/STM32_USB_Device_Library/Core/Src/usbd_core.o
                0x000000000800911c                USBD_Start
 .text.USBD_RunTestMode
                0x0000000008009134       0x14 ./Middlewares/ST/STM32_USB_Device_Library/Core/Src/usbd_core.o
                0x0000000008009134                USBD_RunTestMode
 .text.USBD_SetClassConfig
                0x0000000008009148       0x3e ./Middlewares/ST/STM32_USB_Device_Library/Core/Src/usbd_core.o
                0x0000000008009148                USBD_SetClassConfig
 .text.USBD_ClrClassConfig
                0x0000000008009186       0x26 ./Middlewares/ST/STM32_USB_Device_Library/Core/Src/usbd_core.o
                0x0000000008009186                USBD_ClrClassConfig
 .text.USBD_LL_SetupStage
                0x00000000080091ac       0x9a ./Middlewares/ST/STM32_USB_Device_Library/Core/Src/usbd_core.o
                0x00000000080091ac                USBD_LL_SetupStage
 .text.USBD_LL_DataOutStage
                0x0000000008009246       0xe2 ./Middlewares/ST/STM32_USB_Device_Library/Core/Src/usbd_core.o
                0x0000000008009246                USBD_LL_DataOutStage
 .text.USBD_LL_DataInStage
                0x0000000008009328      0x14a ./Middlewares/ST/STM32_USB_Device_Library/Core/Src/usbd_core.o
                0x0000000008009328                USBD_LL_DataInStage
 .text.USBD_LL_Reset
                0x0000000008009472       0x82 ./Middlewares/ST/STM32_USB_Device_Library/Core/Src/usbd_core.o
                0x0000000008009472                USBD_LL_Reset
 .text.USBD_LL_SetSpeed
                0x00000000080094f4       0x1e ./Middlewares/ST/STM32_USB_Device_Library/Core/Src/usbd_core.o
                0x00000000080094f4                USBD_LL_SetSpeed
 .text.USBD_LL_Suspend
                0x0000000008009512       0x28 ./Middlewares/ST/STM32_USB_Device_Library/Core/Src/usbd_core.o
                0x0000000008009512                USBD_LL_Suspend
 .text.USBD_LL_Resume
                0x000000000800953a       0x2a ./Middlewares/ST/STM32_USB_Device_Library/Core/Src/usbd_core.o
                0x000000000800953a                USBD_LL_Resume
 .text.USBD_LL_SOF
                0x0000000008009564       0x34 ./Middlewares/ST/STM32_USB_Device_Library/Core/Src/usbd_core.o
                0x0000000008009564                USBD_LL_SOF
 .text.USBD_StdDevReq
                0x0000000008009598       0xd4 ./Middlewares/ST/STM32_USB_Device_Library/Core/Src/usbd_ctlreq.o
                0x0000000008009598                USBD_StdDevReq
 .text.USBD_StdItfReq
                0x000000000800966c       0x90 ./Middlewares/ST/STM32_USB_Device_Library/Core/Src/usbd_ctlreq.o
                0x000000000800966c                USBD_StdItfReq
 .text.USBD_StdEPReq
                0x00000000080096fc      0x2c6 ./Middlewares/ST/STM32_USB_Device_Library/Core/Src/usbd_ctlreq.o
                0x00000000080096fc                USBD_StdEPReq
 *fill*         0x00000000080099c2        0x2 
 .text.USBD_GetDescriptor
                0x00000000080099c4      0x2d0 ./Middlewares/ST/STM32_USB_Device_Library/Core/Src/usbd_ctlreq.o
 .text.USBD_SetAddress
                0x0000000008009c94       0x86 ./Middlewares/ST/STM32_USB_Device_Library/Core/Src/usbd_ctlreq.o
 *fill*         0x0000000008009d1a        0x2 
 .text.USBD_SetConfig
                0x0000000008009d1c      0x11c ./Middlewares/ST/STM32_USB_Device_Library/Core/Src/usbd_ctlreq.o
 .text.USBD_GetConfig
                0x0000000008009e38       0x6a ./Middlewares/ST/STM32_USB_Device_Library/Core/Src/usbd_ctlreq.o
 .text.USBD_GetStatus
                0x0000000008009ea2       0x66 ./Middlewares/ST/STM32_USB_Device_Library/Core/Src/usbd_ctlreq.o
 .text.USBD_SetFeature
                0x0000000008009f08       0x28 ./Middlewares/ST/STM32_USB_Device_Library/Core/Src/usbd_ctlreq.o
 .text.USBD_ClrFeature
                0x0000000008009f30       0x42 ./Middlewares/ST/STM32_USB_Device_Library/Core/Src/usbd_ctlreq.o
 .text.USBD_ParseSetupRequest
                0x0000000008009f72       0x78 ./Middlewares/ST/STM32_USB_Device_Library/Core/Src/usbd_ctlreq.o
                0x0000000008009f72                USBD_ParseSetupRequest
 .text.USBD_CtlError
                0x0000000008009fea       0x22 ./Middlewares/ST/STM32_USB_Device_Library/Core/Src/usbd_ctlreq.o
                0x0000000008009fea                USBD_CtlError
 .text.USBD_GetString
                0x000000000800a00c       0x84 ./Middlewares/ST/STM32_USB_Device_Library/Core/Src/usbd_ctlreq.o
                0x000000000800a00c                USBD_GetString
 .text.USBD_GetLen
                0x000000000800a090       0x2e ./Middlewares/ST/STM32_USB_Device_Library/Core/Src/usbd_ctlreq.o
 .text.USBD_CtlSendData
                0x000000000800a0be       0x38 ./Middlewares/ST/STM32_USB_Device_Library/Core/Src/usbd_ioreq.o
                0x000000000800a0be                USBD_CtlSendData
 .text.USBD_CtlContinueSendData
                0x000000000800a0f6       0x24 ./Middlewares/ST/STM32_USB_Device_Library/Core/Src/usbd_ioreq.o
                0x000000000800a0f6                USBD_CtlContinueSendData
 .text.USBD_CtlPrepareRx
                0x000000000800a11a       0x3c ./Middlewares/ST/STM32_USB_Device_Library/Core/Src/usbd_ioreq.o
                0x000000000800a11a                USBD_CtlPrepareRx
 .text.USBD_CtlContinueRx
                0x000000000800a156       0x24 ./Middlewares/ST/STM32_USB_Device_Library/Core/Src/usbd_ioreq.o
                0x000000000800a156                USBD_CtlContinueRx
 .text.USBD_CtlSendStatus
                0x000000000800a17a       0x26 ./Middlewares/ST/STM32_USB_Device_Library/Core/Src/usbd_ioreq.o
                0x000000000800a17a                USBD_CtlSendStatus
 .text.USBD_CtlReceiveStatus
                0x000000000800a1a0       0x26 ./Middlewares/ST/STM32_USB_Device_Library/Core/Src/usbd_ioreq.o
                0x000000000800a1a0                USBD_CtlReceiveStatus
 *fill*         0x000000000800a1c6        0x2 
 .text.MX_USB_DEVICE_Init
                0x000000000800a1c8       0x60 ./USB_DEVICE/App/usb_device.o
                0x000000000800a1c8                MX_USB_DEVICE_Init
 .text.CUSTOM_HID_Init_FS
                0x000000000800a228        0xe ./USB_DEVICE/App/usbd_custom_hid_if.o
 .text.CUSTOM_HID_DeInit_FS
                0x000000000800a236        0xe ./USB_DEVICE/App/usbd_custom_hid_if.o
 .text.CUSTOM_HID_OutEvent_FS
                0x000000000800a244       0x1c ./USB_DEVICE/App/usbd_custom_hid_if.o
 .text.USBD_FS_DeviceDescriptor
                0x000000000800a260       0x24 ./USB_DEVICE/App/usbd_desc.o
                0x000000000800a260                USBD_FS_DeviceDescriptor
 .text.USBD_FS_LangIDStrDescriptor
                0x000000000800a284       0x24 ./USB_DEVICE/App/usbd_desc.o
                0x000000000800a284                USBD_FS_LangIDStrDescriptor
 .text.USBD_FS_ProductStrDescriptor
                0x000000000800a2a8       0x3c ./USB_DEVICE/App/usbd_desc.o
                0x000000000800a2a8                USBD_FS_ProductStrDescriptor
 .text.USBD_FS_ManufacturerStrDescriptor
                0x000000000800a2e4       0x28 ./USB_DEVICE/App/usbd_desc.o
                0x000000000800a2e4                USBD_FS_ManufacturerStrDescriptor
 .text.USBD_FS_SerialStrDescriptor
                0x000000000800a30c       0x24 ./USB_DEVICE/App/usbd_desc.o
                0x000000000800a30c                USBD_FS_SerialStrDescriptor
 .text.USBD_FS_ConfigStrDescriptor
                0x000000000800a330       0x3c ./USB_DEVICE/App/usbd_desc.o
                0x000000000800a330                USBD_FS_ConfigStrDescriptor
 .text.USBD_FS_InterfaceStrDescriptor
                0x000000000800a36c       0x3c ./USB_DEVICE/App/usbd_desc.o
                0x000000000800a36c                USBD_FS_InterfaceStrDescriptor
 .text.Get_SerialNum
                0x000000000800a3a8       0x58 ./USB_DEVICE/App/usbd_desc.o
 .text.IntToUnicode
                0x000000000800a400       0x7c ./USB_DEVICE/App/usbd_desc.o
 .text.HAL_PCD_MspInit
                0x000000000800a47c       0x4c ./USB_DEVICE/Target/usbd_conf.o
                0x000000000800a47c                HAL_PCD_MspInit
 .text.HAL_PCD_SetupStageCallback
                0x000000000800a4c8       0x24 ./USB_DEVICE/Target/usbd_conf.o
                0x000000000800a4c8                HAL_PCD_SetupStageCallback
 .text.HAL_PCD_DataOutStageCallback
                0x000000000800a4ec       0x36 ./USB_DEVICE/Target/usbd_conf.o
                0x000000000800a4ec                HAL_PCD_DataOutStageCallback
 .text.HAL_PCD_DataInStageCallback
                0x000000000800a522       0x34 ./USB_DEVICE/Target/usbd_conf.o
                0x000000000800a522                HAL_PCD_DataInStageCallback
 .text.HAL_PCD_SOFCallback
                0x000000000800a556       0x1c ./USB_DEVICE/Target/usbd_conf.o
                0x000000000800a556                HAL_PCD_SOFCallback
 .text.HAL_PCD_ResetCallback
                0x000000000800a572       0x3c ./USB_DEVICE/Target/usbd_conf.o
                0x000000000800a572                HAL_PCD_ResetCallback
 *fill*         0x000000000800a5ae        0x2 
 .text.HAL_PCD_SuspendCallback
                0x000000000800a5b0       0x34 ./USB_DEVICE/Target/usbd_conf.o
                0x000000000800a5b0                HAL_PCD_SuspendCallback
 .text.HAL_PCD_ResumeCallback
                0x000000000800a5e4       0x1c ./USB_DEVICE/Target/usbd_conf.o
                0x000000000800a5e4                HAL_PCD_ResumeCallback
 .text.USBD_LL_Init
                0x000000000800a600       0xa0 ./USB_DEVICE/Target/usbd_conf.o
                0x000000000800a600                USBD_LL_Init
 .text.USBD_LL_Start
                0x000000000800a6a0       0x36 ./USB_DEVICE/Target/usbd_conf.o
                0x000000000800a6a0                USBD_LL_Start
 .text.USBD_LL_OpenEP
                0x000000000800a6d6       0x4c ./USB_DEVICE/Target/usbd_conf.o
                0x000000000800a6d6                USBD_LL_OpenEP
 .text.USBD_LL_CloseEP
                0x000000000800a722       0x3e ./USB_DEVICE/Target/usbd_conf.o
                0x000000000800a722                USBD_LL_CloseEP
 .text.USBD_LL_StallEP
                0x000000000800a760       0x3e ./USB_DEVICE/Target/usbd_conf.o
                0x000000000800a760                USBD_LL_StallEP
 .text.USBD_LL_ClearStallEP
                0x000000000800a79e       0x3e ./USB_DEVICE/Target/usbd_conf.o
                0x000000000800a79e                USBD_LL_ClearStallEP
 .text.USBD_LL_IsStallEP
                0x000000000800a7dc       0x58 ./USB_DEVICE/Target/usbd_conf.o
                0x000000000800a7dc                USBD_LL_IsStallEP
 .text.USBD_LL_SetUSBAddress
                0x000000000800a834       0x3e ./USB_DEVICE/Target/usbd_conf.o
                0x000000000800a834                USBD_LL_SetUSBAddress
 .text.USBD_LL_Transmit
                0x000000000800a872       0x46 ./USB_DEVICE/Target/usbd_conf.o
                0x000000000800a872                USBD_LL_Transmit
 .text.USBD_LL_PrepareReceive
                0x000000000800a8b8       0x46 ./USB_DEVICE/Target/usbd_conf.o
                0x000000000800a8b8                USBD_LL_PrepareReceive
 *fill*         0x000000000800a8fe        0x2 
 .text.USBD_static_malloc
                0x000000000800a900       0x18 ./USB_DEVICE/Target/usbd_conf.o
                0x000000000800a900                USBD_static_malloc
 .text.USBD_static_free
                0x000000000800a918       0x12 ./USB_DEVICE/Target/usbd_conf.o
                0x000000000800a918                USBD_static_free
 .text.HAL_PCDEx_SetConnectionState
                0x000000000800a92a       0x16 ./USB_DEVICE/Target/usbd_conf.o
                0x000000000800a92a                HAL_PCDEx_SetConnectionState
 .text.USBD_Get_USB_Status
                0x000000000800a940       0x58 ./USB_DEVICE/Target/usbd_conf.o
 .text.__libc_init_array
                0x000000000800a998       0x48 c:/program files/stm32/stm32cubeide_1.10.1/stm32cubeide/plugins/com.st.stm32cube.ide.mcu.externaltools.gnu-tools-for-stm32.10.3-2021.10.win32_1.0.0.202111181127/tools/bin/../lib/gcc/arm-none-eabi/10.3.1/../../../../arm-none-eabi/lib/thumb/v7-m/nofp\libc_nano.a(lib_a-init.o)
                0x000000000800a998                __libc_init_array
 .text.memset   0x000000000800a9e0       0x10 c:/program files/stm32/stm32cubeide_1.10.1/stm32cubeide/plugins/com.st.stm32cube.ide.mcu.externaltools.gnu-tools-for-stm32.10.3-2021.10.win32_1.0.0.202111181127/tools/bin/../lib/gcc/arm-none-eabi/10.3.1/../../../../arm-none-eabi/lib/thumb/v7-m/nofp\libc_nano.a(lib_a-memset.o)
                0x000000000800a9e0                memset
 *(.glue_7)
 .glue_7        0x000000000800a9f0        0x0 linker stubs
 *(.glue_7t)
 .glue_7t       0x000000000800a9f0        0x0 linker stubs
 *(.eh_frame)
 .eh_frame      0x000000000800a9f0        0x0 c:/program files/stm32/stm32cubeide_1.10.1/stm32cubeide/plugins/com.st.stm32cube.ide.mcu.externaltools.gnu-tools-for-stm32.10.3-2021.10.win32_1.0.0.202111181127/tools/bin/../lib/gcc/arm-none-eabi/10.3.1/thumb/v7-m/nofp/crtbegin.o
 *(.init)
 .init          0x000000000800a9f0        0x4 c:/program files/stm32/stm32cubeide_1.10.1/stm32cubeide/plugins/com.st.stm32cube.ide.mcu.externaltools.gnu-tools-for-stm32.10.3-2021.10.win32_1.0.0.202111181127/tools/bin/../lib/gcc/arm-none-eabi/10.3.1/thumb/v7-m/nofp/crti.o
                0x000000000800a9f0                _init
 .init          0x000000000800a9f4        0x8 c:/program files/stm32/stm32cubeide_1.10.1/stm32cubeide/plugins/com.st.stm32cube.ide.mcu.externaltools.gnu-tools-for-stm32.10.3-2021.10.win32_1.0.0.202111181127/tools/bin/../lib/gcc/arm-none-eabi/10.3.1/thumb/v7-m/nofp/crtn.o
 *(.fini)
 .fini          0x000000000800a9fc        0x4 c:/program files/stm32/stm32cubeide_1.10.1/stm32cubeide/plugins/com.st.stm32cube.ide.mcu.externaltools.gnu-tools-for-stm32.10.3-2021.10.win32_1.0.0.202111181127/tools/bin/../lib/gcc/arm-none-eabi/10.3.1/thumb/v7-m/nofp/crti.o
                0x000000000800a9fc                _fini
 .fini          0x000000000800aa00        0x8 c:/program files/stm32/stm32cubeide_1.10.1/stm32cubeide/plugins/com.st.stm32cube.ide.mcu.externaltools.gnu-tools-for-stm32.10.3-2021.10.win32_1.0.0.202111181127/tools/bin/../lib/gcc/arm-none-eabi/10.3.1/thumb/v7-m/nofp/crtn.o
                0x000000000800aa08                . = ALIGN (0x4)
                0x000000000800aa08                _etext = .

.vfp11_veneer   0x000000000800aa08        0x0
 .vfp11_veneer  0x000000000800aa08        0x0 linker stubs

.v4_bx          0x000000000800aa08        0x0
 .v4_bx         0x000000000800aa08        0x0 linker stubs

.iplt           0x000000000800aa08        0x0
 .iplt          0x000000000800aa08        0x0 c:/program files/stm32/stm32cubeide_1.10.1/stm32cubeide/plugins/com.st.stm32cube.ide.mcu.externaltools.gnu-tools-for-stm32.10.3-2021.10.win32_1.0.0.202111181127/tools/bin/../lib/gcc/arm-none-eabi/10.3.1/thumb/v7-m/nofp/crtbegin.o

.rodata         0x000000000800aa08       0xd4
                0x000000000800aa08                . = ALIGN (0x4)
 *(.rodata)
 .rodata        0x000000000800aa08       0x10 ./Core/Src/liquidcrystal_i2c.o
 .rodata        0x000000000800aa18       0x2b ./Core/Src/main.o
 *fill*         0x000000000800aa43        0x1 
 .rodata        0x000000000800aa44       0x10 ./Drivers/STM32F1xx_HAL_Driver/Src/stm32f1xx_hal_rcc.o
 .rodata        0x000000000800aa54       0x10 ./Drivers/STM32F1xx_HAL_Driver/Src/stm32f1xx_hal_rcc_ex.o
 .rodata        0x000000000800aa64       0x5d ./USB_DEVICE/App/usbd_desc.o
 *(.rodata*)
 *fill*         0x000000000800aac1        0x3 
 .rodata.AHBPrescTable
                0x000000000800aac4       0x10 ./Core/Src/system_stm32f1xx.o
                0x000000000800aac4                AHBPrescTable
 .rodata.APBPrescTable
                0x000000000800aad4        0x8 ./Core/Src/system_stm32f1xx.o
                0x000000000800aad4                APBPrescTable
                0x000000000800aadc                . = ALIGN (0x4)

.rel.dyn        0x000000000800aadc        0x0
 .rel.iplt      0x000000000800aadc        0x0 c:/program files/stm32/stm32cubeide_1.10.1/stm32cubeide/plugins/com.st.stm32cube.ide.mcu.externaltools.gnu-tools-for-stm32.10.3-2021.10.win32_1.0.0.202111181127/tools/bin/../lib/gcc/arm-none-eabi/10.3.1/thumb/v7-m/nofp/crtbegin.o

.ARM.extab      0x000000000800aadc        0x0
                0x000000000800aadc                . = ALIGN (0x4)
 *(.ARM.extab* .gnu.linkonce.armextab.*)
                0x000000000800aadc                . = ALIGN (0x4)

.ARM            0x000000000800aadc        0x0
                0x000000000800aadc                . = ALIGN (0x4)
                0x000000000800aadc                __exidx_start = .
 *(.ARM.exidx*)
                0x000000000800aadc                __exidx_end = .
                0x000000000800aadc                . = ALIGN (0x4)

.preinit_array  0x000000000800aadc        0x0
                0x000000000800aadc                . = ALIGN (0x4)
                0x000000000800aadc                PROVIDE (__preinit_array_start = .)
 *(.preinit_array*)
                0x000000000800aadc                PROVIDE (__preinit_array_end = .)
                0x000000000800aadc                . = ALIGN (0x4)

.init_array     0x000000000800aadc        0x4
                0x000000000800aadc                . = ALIGN (0x4)
                0x000000000800aadc                PROVIDE (__init_array_start = .)
 *(SORT_BY_NAME(.init_array.*))
 *(.init_array*)
 .init_array    0x000000000800aadc        0x4 c:/program files/stm32/stm32cubeide_1.10.1/stm32cubeide/plugins/com.st.stm32cube.ide.mcu.externaltools.gnu-tools-for-stm32.10.3-2021.10.win32_1.0.0.202111181127/tools/bin/../lib/gcc/arm-none-eabi/10.3.1/thumb/v7-m/nofp/crtbegin.o
                0x000000000800aae0                PROVIDE (__init_array_end = .)
                0x000000000800aae0                . = ALIGN (0x4)

.fini_array     0x000000000800aae0        0x4
                0x000000000800aae0                . = ALIGN (0x4)
                [!provide]                        PROVIDE (__fini_array_start = .)
 *(SORT_BY_NAME(.fini_array.*))
 *(.fini_array*)
 .fini_array    0x000000000800aae0        0x4 c:/program files/stm32/stm32cubeide_1.10.1/stm32cubeide/plugins/com.st.stm32cube.ide.mcu.externaltools.gnu-tools-for-stm32.10.3-2021.10.win32_1.0.0.202111181127/tools/bin/../lib/gcc/arm-none-eabi/10.3.1/thumb/v7-m/nofp/crtbegin.o
                [!provide]                        PROVIDE (__fini_array_end = .)
                0x000000000800aae4                . = ALIGN (0x4)
                0x000000000800aae4                _sidata = LOADADDR (.data)

.data           0x0000000020000000      0x174 load address 0x000000000800aae4
                0x0000000020000000                . = ALIGN (0x4)
                0x0000000020000000                _sdata = .
 *(.data)
 *(.data*)
 .data.special1
                0x0000000020000000        0x8 ./Core/Src/liquidcrystal_i2c.o
                0x0000000020000000                special1
 .data.special2
                0x0000000020000008        0x8 ./Core/Src/liquidcrystal_i2c.o
                0x0000000020000008                special2
 .data.SystemCoreClock
                0x0000000020000010        0x4 ./Core/Src/system_stm32f1xx.o
                0x0000000020000010                SystemCoreClock
 .data.uwTickPrio
                0x0000000020000014        0x4 ./Drivers/STM32F1xx_HAL_Driver/Src/stm32f1xx_hal.o
                0x0000000020000014                uwTickPrio
 .data.uwTickFreq
                0x0000000020000018        0x1 ./Drivers/STM32F1xx_HAL_Driver/Src/stm32f1xx_hal.o
                0x0000000020000018                uwTickFreq
 *fill*         0x0000000020000019        0x3 
 .data.USBD_CUSTOM_HID
                0x000000002000001c       0x38 ./Middlewares/ST/STM32_USB_Device_Library/Class/CustomHID/Src/usbd_customhid.o
                0x000000002000001c                USBD_CUSTOM_HID
 .data.USBD_CUSTOM_HID_CfgFSDesc
                0x0000000020000054       0x29 ./Middlewares/ST/STM32_USB_Device_Library/Class/CustomHID/Src/usbd_customhid.o
 *fill*         0x000000002000007d        0x3 
 .data.USBD_CUSTOM_HID_CfgHSDesc
                0x0000000020000080       0x29 ./Middlewares/ST/STM32_USB_Device_Library/Class/CustomHID/Src/usbd_customhid.o
 *fill*         0x00000000200000a9        0x3 
 .data.USBD_CUSTOM_HID_OtherSpeedCfgDesc
                0x00000000200000ac       0x29 ./Middlewares/ST/STM32_USB_Device_Library/Class/CustomHID/Src/usbd_customhid.o
 *fill*         0x00000000200000d5        0x3 
 .data.USBD_CUSTOM_HID_Desc
                0x00000000200000d8        0x9 ./Middlewares/ST/STM32_USB_Device_Library/Class/CustomHID/Src/usbd_customhid.o
 *fill*         0x00000000200000e1        0x3 
 .data.USBD_CUSTOM_HID_DeviceQualifierDesc
                0x00000000200000e4        0xa ./Middlewares/ST/STM32_USB_Device_Library/Class/CustomHID/Src/usbd_customhid.o
 *fill*         0x00000000200000ee        0x2 
 .data.CUSTOM_HID_ReportDesc_FS
                0x00000000200000f0       0x21 ./USB_DEVICE/App/usbd_custom_hid_if.o
 *fill*         0x0000000020000111        0x3 
 .data.USBD_CustomHID_fops_FS
                0x0000000020000114       0x10 ./USB_DEVICE/App/usbd_custom_hid_if.o
                0x0000000020000114                USBD_CustomHID_fops_FS
 .data.FS_Desc  0x0000000020000124       0x1c ./USB_DEVICE/App/usbd_desc.o
                0x0000000020000124                FS_Desc
 .data.USBD_FS_DeviceDesc
                0x0000000020000140       0x12 ./USB_DEVICE/App/usbd_desc.o
                0x0000000020000140                USBD_FS_DeviceDesc
 *fill*         0x0000000020000152        0x2 
 .data.USBD_LangIDDesc
                0x0000000020000154        0x4 ./USB_DEVICE/App/usbd_desc.o
                0x0000000020000154                USBD_LangIDDesc
 .data.USBD_StringSerial
                0x0000000020000158       0x1a ./USB_DEVICE/App/usbd_desc.o
                0x0000000020000158                USBD_StringSerial
 *(.RamFunc)
 *(.RamFunc*)
                0x0000000020000174                . = ALIGN (0x4)
 *fill*         0x0000000020000172        0x2 
                0x0000000020000174                _edata = .

.igot.plt       0x0000000020000174        0x0 load address 0x000000000800ac58
 .igot.plt      0x0000000020000174        0x0 c:/program files/stm32/stm32cubeide_1.10.1/stm32cubeide/plugins/com.st.stm32cube.ide.mcu.externaltools.gnu-tools-for-stm32.10.3-2021.10.win32_1.0.0.202111181127/tools/bin/../lib/gcc/arm-none-eabi/10.3.1/thumb/v7-m/nofp/crtbegin.o
                0x0000000020000174                . = ALIGN (0x4)

.bss            0x0000000020000174      0x9f4 load address 0x000000000800ac58
                0x0000000020000174                _sbss = .
                0x0000000020000174                __bss_start__ = _sbss
 *(.bss)
 .bss           0x0000000020000174       0x1c c:/program files/stm32/stm32cubeide_1.10.1/stm32cubeide/plugins/com.st.stm32cube.ide.mcu.externaltools.gnu-tools-for-stm32.10.3-2021.10.win32_1.0.0.202111181127/tools/bin/../lib/gcc/arm-none-eabi/10.3.1/thumb/v7-m/nofp/crtbegin.o
 *(.bss*)
 .bss.dpFunction
                0x0000000020000190        0x1 ./Core/Src/liquidcrystal_i2c.o
                0x0000000020000190                dpFunction
 .bss.dpControl
                0x0000000020000191        0x1 ./Core/Src/liquidcrystal_i2c.o
                0x0000000020000191                dpControl
 .bss.dpMode    0x0000000020000192        0x1 ./Core/Src/liquidcrystal_i2c.o
                0x0000000020000192                dpMode
 .bss.dpRows    0x0000000020000193        0x1 ./Core/Src/liquidcrystal_i2c.o
                0x0000000020000193                dpRows
 .bss.dpBacklight
                0x0000000020000194        0x1 ./Core/Src/liquidcrystal_i2c.o
                0x0000000020000194                dpBacklight
 *fill*         0x0000000020000195        0x3 
 .bss.hadc1     0x0000000020000198       0x30 ./Core/Src/main.o
                0x0000000020000198                hadc1
 .bss.hi2c1     0x00000000200001c8       0x54 ./Core/Src/main.o
                0x00000000200001c8                hi2c1
 .bss.hspi2     0x000000002000021c       0x58 ./Core/Src/main.o
                0x000000002000021c                hspi2
 .bss.htim1     0x0000000020000274       0x48 ./Core/Src/main.o
                0x0000000020000274                htim1
 .bss.huart3    0x00000000200002bc       0x44 ./Core/Src/main.o
                0x00000000200002bc                huart3
 .bss.adc1      0x0000000020000300        0x2 ./Core/Src/main.o
                0x0000000020000300                adc1
 .bss.adc2      0x0000000020000302        0x2 ./Core/Src/main.o
                0x0000000020000302                adc2
 .bss.adc3      0x0000000020000304        0x2 ./Core/Src/main.o
                0x0000000020000304                adc3
 .bss.PWM1      0x0000000020000306        0x2 ./Core/Src/main.o
                0x0000000020000306                PWM1
 .bss.PWM2      0x0000000020000308        0x2 ./Core/Src/main.o
                0x0000000020000308                PWM2
 .bss.PWM3      0x000000002000030a        0x2 ./Core/Src/main.o
                0x000000002000030a                PWM3
 .bss.sConfigPrivate
                0x000000002000030c        0xc ./Core/Src/main.o
                0x000000002000030c                sConfigPrivate
 .bss.USB_TX_Buffer
                0x0000000020000318       0x40 ./Core/Src/main.o
                0x0000000020000318                USB_TX_Buffer
 .bss.uwTick    0x0000000020000358        0x4 ./Drivers/STM32F1xx_HAL_Driver/Src/stm32f1xx_hal.o
                0x0000000020000358                uwTick
 .bss.cfgidx.0  0x000000002000035c        0x1 ./Middlewares/ST/STM32_USB_Device_Library/Core/Src/usbd_ctlreq.o
 *fill*         0x000000002000035d        0x3 
 .bss.hUsbDeviceFS
                0x0000000020000360      0x2c4 ./USB_DEVICE/App/usb_device.o
                0x0000000020000360                hUsbDeviceFS
 .bss.USBD_StrDesc
                0x0000000020000624      0x200 ./USB_DEVICE/App/usbd_desc.o
                0x0000000020000624                USBD_StrDesc
 .bss.hpcd_USB_FS
                0x0000000020000824      0x2ec ./USB_DEVICE/Target/usbd_conf.o
                0x0000000020000824                hpcd_USB_FS
 .bss.mem.0     0x0000000020000b10       0x58 ./USB_DEVICE/Target/usbd_conf.o
 *(COMMON)
                0x0000000020000b68                . = ALIGN (0x4)
                0x0000000020000b68                _ebss = .
                0x0000000020000b68                __bss_end__ = _ebss

._user_heap_stack
                0x0000000020000b68      0x600 load address 0x000000000800ac58
                0x0000000020000b68                . = ALIGN (0x8)
                [!provide]                        PROVIDE (end = .)
                0x0000000020000b68                PROVIDE (_end = .)
                0x0000000020000d68                . = (. + _Min_Heap_Size)
 *fill*         0x0000000020000b68      0x200 
                0x0000000020001168                . = (. + _Min_Stack_Size)
 *fill*         0x0000000020000d68      0x400 
                0x0000000020001168                . = ALIGN (0x8)

/DISCARD/
 libc.a(*)
 libm.a(*)
 libgcc.a(*)

.ARM.attributes
                0x0000000000000000       0x29
 *(.ARM.attributes)
 .ARM.attributes
                0x0000000000000000       0x1d c:/program files/stm32/stm32cubeide_1.10.1/stm32cubeide/plugins/com.st.stm32cube.ide.mcu.externaltools.gnu-tools-for-stm32.10.3-2021.10.win32_1.0.0.202111181127/tools/bin/../lib/gcc/arm-none-eabi/10.3.1/thumb/v7-m/nofp/crti.o
 .ARM.attributes
                0x000000000000001d       0x2d c:/program files/stm32/stm32cubeide_1.10.1/stm32cubeide/plugins/com.st.stm32cube.ide.mcu.externaltools.gnu-tools-for-stm32.10.3-2021.10.win32_1.0.0.202111181127/tools/bin/../lib/gcc/arm-none-eabi/10.3.1/thumb/v7-m/nofp/crtbegin.o
 .ARM.attributes
                0x000000000000004a       0x2d ./Core/Src/liquidcrystal_i2c.o
 .ARM.attributes
                0x0000000000000077       0x2d ./Core/Src/main.o
 .ARM.attributes
                0x00000000000000a4       0x2d ./Core/Src/stm32f1xx_hal_msp.o
 .ARM.attributes
                0x00000000000000d1       0x2d ./Core/Src/stm32f1xx_it.o
 .ARM.attributes
                0x00000000000000fe       0x2d ./Core/Src/system_stm32f1xx.o
 .ARM.attributes
                0x000000000000012b       0x21 ./Core/Startup/startup_stm32f103rbtx.o
 .ARM.attributes
                0x000000000000014c       0x2d ./Drivers/STM32F1xx_HAL_Driver/Src/stm32f1xx_hal.o
 .ARM.attributes
                0x0000000000000179       0x2d ./Drivers/STM32F1xx_HAL_Driver/Src/stm32f1xx_hal_adc.o
 .ARM.attributes
                0x00000000000001a6       0x2d ./Drivers/STM32F1xx_HAL_Driver/Src/stm32f1xx_hal_cortex.o
 .ARM.attributes
                0x00000000000001d3       0x2d ./Drivers/STM32F1xx_HAL_Driver/Src/stm32f1xx_hal_dma.o
 .ARM.attributes
                0x0000000000000200       0x2d ./Drivers/STM32F1xx_HAL_Driver/Src/stm32f1xx_hal_gpio.o
 .ARM.attributes
                0x000000000000022d       0x2d ./Drivers/STM32F1xx_HAL_Driver/Src/stm32f1xx_hal_i2c.o
 .ARM.attributes
                0x000000000000025a       0x2d ./Drivers/STM32F1xx_HAL_Driver/Src/stm32f1xx_hal_pcd.o
 .ARM.attributes
                0x0000000000000287       0x2d ./Drivers/STM32F1xx_HAL_Driver/Src/stm32f1xx_hal_pcd_ex.o
 .ARM.attributes
                0x00000000000002b4       0x2d ./Drivers/STM32F1xx_HAL_Driver/Src/stm32f1xx_hal_rcc.o
 .ARM.attributes
                0x00000000000002e1       0x2d ./Drivers/STM32F1xx_HAL_Driver/Src/stm32f1xx_hal_rcc_ex.o
 .ARM.attributes
                0x000000000000030e       0x2d ./Drivers/STM32F1xx_HAL_Driver/Src/stm32f1xx_hal_spi.o
 .ARM.attributes
                0x000000000000033b       0x2d ./Drivers/STM32F1xx_HAL_Driver/Src/stm32f1xx_hal_tim.o
 .ARM.attributes
                0x0000000000000368       0x2d ./Drivers/STM32F1xx_HAL_Driver/Src/stm32f1xx_hal_tim_ex.o
 .ARM.attributes
                0x0000000000000395       0x2d ./Drivers/STM32F1xx_HAL_Driver/Src/stm32f1xx_hal_uart.o
 .ARM.attributes
                0x00000000000003c2       0x2d ./Drivers/STM32F1xx_HAL_Driver/Src/stm32f1xx_ll_usb.o
 .ARM.attributes
                0x00000000000003ef       0x2d ./Middlewares/ST/STM32_USB_Device_Library/Class/CustomHID/Src/usbd_customhid.o
 .ARM.attributes
                0x000000000000041c       0x2d ./Middlewares/ST/STM32_USB_Device_Library/Core/Src/usbd_core.o
 .ARM.attributes
                0x0000000000000449       0x2d ./Middlewares/ST/STM32_USB_Device_Library/Core/Src/usbd_ctlreq.o
 .ARM.attributes
                0x0000000000000476       0x2d ./Middlewares/ST/STM32_USB_Device_Library/Core/Src/usbd_ioreq.o
 .ARM.attributes
                0x00000000000004a3       0x2d ./USB_DEVICE/App/usb_device.o
 .ARM.attributes
                0x00000000000004d0       0x2d ./USB_DEVICE/App/usbd_custom_hid_if.o
 .ARM.attributes
                0x00000000000004fd       0x2d ./USB_DEVICE/App/usbd_desc.o
 .ARM.attributes
                0x000000000000052a       0x2d ./USB_DEVICE/Target/usbd_conf.o
 .ARM.attributes
                0x0000000000000557       0x2d c:/program files/stm32/stm32cubeide_1.10.1/stm32cubeide/plugins/com.st.stm32cube.ide.mcu.externaltools.gnu-tools-for-stm32.10.3-2021.10.win32_1.0.0.202111181127/tools/bin/../lib/gcc/arm-none-eabi/10.3.1/../../../../arm-none-eabi/lib/thumb/v7-m/nofp\libc_nano.a(lib_a-init.o)
 .ARM.attributes
                0x0000000000000584       0x2d c:/program files/stm32/stm32cubeide_1.10.1/stm32cubeide/plugins/com.st.stm32cube.ide.mcu.externaltools.gnu-tools-for-stm32.10.3-2021.10.win32_1.0.0.202111181127/tools/bin/../lib/gcc/arm-none-eabi/10.3.1/../../../../arm-none-eabi/lib/thumb/v7-m/nofp\libc_nano.a(lib_a-memset.o)
 .ARM.attributes
                0x00000000000005b1       0x1d c:/program files/stm32/stm32cubeide_1.10.1/stm32cubeide/plugins/com.st.stm32cube.ide.mcu.externaltools.gnu-tools-for-stm32.10.3-2021.10.win32_1.0.0.202111181127/tools/bin/../lib/gcc/arm-none-eabi/10.3.1/thumb/v7-m/nofp/crtn.o
OUTPUT(rgbled.elf elf32-littlearm)
LOAD linker stubs
LOAD c:/program files/stm32/stm32cubeide_1.10.1/stm32cubeide/plugins/com.st.stm32cube.ide.mcu.externaltools.gnu-tools-for-stm32.10.3-2021.10.win32_1.0.0.202111181127/tools/bin/../lib/gcc/arm-none-eabi/10.3.1/../../../../arm-none-eabi/lib/thumb/v7-m/nofp\libc.a
LOAD c:/program files/stm32/stm32cubeide_1.10.1/stm32cubeide/plugins/com.st.stm32cube.ide.mcu.externaltools.gnu-tools-for-stm32.10.3-2021.10.win32_1.0.0.202111181127/tools/bin/../lib/gcc/arm-none-eabi/10.3.1/../../../../arm-none-eabi/lib/thumb/v7-m/nofp\libm.a
LOAD c:/program files/stm32/stm32cubeide_1.10.1/stm32cubeide/plugins/com.st.stm32cube.ide.mcu.externaltools.gnu-tools-for-stm32.10.3-2021.10.win32_1.0.0.202111181127/tools/bin/../lib/gcc/arm-none-eabi/10.3.1/thumb/v7-m/nofp\libgcc.a

.debug_info     0x0000000000000000    0x1a0f0
 .debug_info    0x0000000000000000      0xca8 ./Core/Src/liquidcrystal_i2c.o
 .debug_info    0x0000000000000ca8     0x2034 ./Core/Src/main.o
 .debug_info    0x0000000000002cdc     0x16fd ./Core/Src/stm32f1xx_hal_msp.o
 .debug_info    0x00000000000043d9      0xaf0 ./Core/Src/stm32f1xx_it.o
 .debug_info    0x0000000000004ec9      0x23d ./Core/Src/system_stm32f1xx.o
 .debug_info    0x0000000000005106       0x22 ./Core/Startup/startup_stm32f103rbtx.o
 .debug_info    0x0000000000005128      0x734 ./Drivers/STM32F1xx_HAL_Driver/Src/stm32f1xx_hal.o
 .debug_info    0x000000000000585c      0xcd9 ./Drivers/STM32F1xx_HAL_Driver/Src/stm32f1xx_hal_adc.o
 .debug_info    0x0000000000006535      0xb20 ./Drivers/STM32F1xx_HAL_Driver/Src/stm32f1xx_hal_cortex.o
 .debug_info    0x0000000000007055      0x73f ./Drivers/STM32F1xx_HAL_Driver/Src/stm32f1xx_hal_dma.o
 .debug_info    0x0000000000007794      0x615 ./Drivers/STM32F1xx_HAL_Driver/Src/stm32f1xx_hal_gpio.o
 .debug_info    0x0000000000007da9     0x2734 ./Drivers/STM32F1xx_HAL_Driver/Src/stm32f1xx_hal_i2c.o
 .debug_info    0x000000000000a4dd     0x16ab ./Drivers/STM32F1xx_HAL_Driver/Src/stm32f1xx_hal_pcd.o
 .debug_info    0x000000000000bb88      0x728 ./Drivers/STM32F1xx_HAL_Driver/Src/stm32f1xx_hal_pcd_ex.o
 .debug_info    0x000000000000c2b0      0x860 ./Drivers/STM32F1xx_HAL_Driver/Src/stm32f1xx_hal_rcc.o
 .debug_info    0x000000000000cb10      0x3e0 ./Drivers/STM32F1xx_HAL_Driver/Src/stm32f1xx_hal_rcc_ex.o
 .debug_info    0x000000000000cef0     0x1658 ./Drivers/STM32F1xx_HAL_Driver/Src/stm32f1xx_hal_spi.o
 .debug_info    0x000000000000e548     0x29de ./Drivers/STM32F1xx_HAL_Driver/Src/stm32f1xx_hal_tim.o
 .debug_info    0x0000000000010f26     0x1513 ./Drivers/STM32F1xx_HAL_Driver/Src/stm32f1xx_hal_tim_ex.o
 .debug_info    0x0000000000012439     0x15d8 ./Drivers/STM32F1xx_HAL_Driver/Src/stm32f1xx_hal_uart.o
 .debug_info    0x0000000000013a11     0x190d ./Drivers/STM32F1xx_HAL_Driver/Src/stm32f1xx_ll_usb.o
 .debug_info    0x000000000001531e      0xb29 ./Middlewares/ST/STM32_USB_Device_Library/Class/CustomHID/Src/usbd_customhid.o
 .debug_info    0x0000000000015e47      0xb02 ./Middlewares/ST/STM32_USB_Device_Library/Core/Src/usbd_core.o
 .debug_info    0x0000000000016949      0x9b6 ./Middlewares/ST/STM32_USB_Device_Library/Core/Src/usbd_ctlreq.o
 .debug_info    0x00000000000172ff      0x715 ./Middlewares/ST/STM32_USB_Device_Library/Core/Src/usbd_ioreq.o
 .debug_info    0x0000000000017a14      0x654 ./USB_DEVICE/App/usb_device.o
 .debug_info    0x0000000000018068      0x2cf ./USB_DEVICE/App/usbd_custom_hid_if.o
 .debug_info    0x0000000000018337      0x484 ./USB_DEVICE/App/usbd_desc.o
 .debug_info    0x00000000000187bb     0x1935 ./USB_DEVICE/Target/usbd_conf.o

.debug_abbrev   0x0000000000000000     0x3c87
 .debug_abbrev  0x0000000000000000      0x2ba ./Core/Src/liquidcrystal_i2c.o
 .debug_abbrev  0x00000000000002ba      0x329 ./Core/Src/main.o
 .debug_abbrev  0x00000000000005e3      0x21f ./Core/Src/stm32f1xx_hal_msp.o
 .debug_abbrev  0x0000000000000802      0x1b7 ./Core/Src/stm32f1xx_it.o
 .debug_abbrev  0x00000000000009b9      0x13b ./Core/Src/system_stm32f1xx.o
 .debug_abbrev  0x0000000000000af4       0x12 ./Core/Startup/startup_stm32f103rbtx.o
 .debug_abbrev  0x0000000000000b06      0x1fb ./Drivers/STM32F1xx_HAL_Driver/Src/stm32f1xx_hal.o
 .debug_abbrev  0x0000000000000d01      0x210 ./Drivers/STM32F1xx_HAL_Driver/Src/stm32f1xx_hal_adc.o
 .debug_abbrev  0x0000000000000f11      0x2ed ./Drivers/STM32F1xx_HAL_Driver/Src/stm32f1xx_hal_cortex.o
 .debug_abbrev  0x00000000000011fe      0x1fe ./Drivers/STM32F1xx_HAL_Driver/Src/stm32f1xx_hal_dma.o
 .debug_abbrev  0x00000000000013fc      0x1bb ./Drivers/STM32F1xx_HAL_Driver/Src/stm32f1xx_hal_gpio.o
 .debug_abbrev  0x00000000000015b7      0x288 ./Drivers/STM32F1xx_HAL_Driver/Src/stm32f1xx_hal_i2c.o
 .debug_abbrev  0x000000000000183f      0x2b9 ./Drivers/STM32F1xx_HAL_Driver/Src/stm32f1xx_hal_pcd.o
 .debug_abbrev  0x0000000000001af8      0x17f ./Drivers/STM32F1xx_HAL_Driver/Src/stm32f1xx_hal_pcd_ex.o
 .debug_abbrev  0x0000000000001c77      0x2a8 ./Drivers/STM32F1xx_HAL_Driver/Src/stm32f1xx_hal_rcc.o
 .debug_abbrev  0x0000000000001f1f      0x182 ./Drivers/STM32F1xx_HAL_Driver/Src/stm32f1xx_hal_rcc_ex.o
 .debug_abbrev  0x00000000000020a1      0x26e ./Drivers/STM32F1xx_HAL_Driver/Src/stm32f1xx_hal_spi.o
 .debug_abbrev  0x000000000000230f      0x25d ./Drivers/STM32F1xx_HAL_Driver/Src/stm32f1xx_hal_tim.o
 .debug_abbrev  0x000000000000256c      0x265 ./Drivers/STM32F1xx_HAL_Driver/Src/stm32f1xx_hal_tim_ex.o
 .debug_abbrev  0x00000000000027d1      0x278 ./Drivers/STM32F1xx_HAL_Driver/Src/stm32f1xx_hal_uart.o
 .debug_abbrev  0x0000000000002a49      0x1cd ./Drivers/STM32F1xx_HAL_Driver/Src/stm32f1xx_ll_usb.o
 .debug_abbrev  0x0000000000002c16      0x261 ./Middlewares/ST/STM32_USB_Device_Library/Class/CustomHID/Src/usbd_customhid.o
 .debug_abbrev  0x0000000000002e77      0x236 ./Middlewares/ST/STM32_USB_Device_Library/Core/Src/usbd_core.o
 .debug_abbrev  0x00000000000030ad      0x257 ./Middlewares/ST/STM32_USB_Device_Library/Core/Src/usbd_ctlreq.o
 .debug_abbrev  0x0000000000003304      0x183 ./Middlewares/ST/STM32_USB_Device_Library/Core/Src/usbd_ioreq.o
 .debug_abbrev  0x0000000000003487      0x183 ./USB_DEVICE/App/usb_device.o
 .debug_abbrev  0x000000000000360a      0x17e ./USB_DEVICE/App/usbd_custom_hid_if.o
 .debug_abbrev  0x0000000000003788      0x1fa ./USB_DEVICE/App/usbd_desc.o
 .debug_abbrev  0x0000000000003982      0x305 ./USB_DEVICE/Target/usbd_conf.o

.debug_aranges  0x0000000000000000     0x18f0
 .debug_aranges
                0x0000000000000000      0x110 ./Core/Src/liquidcrystal_i2c.o
 .debug_aranges
                0x0000000000000110       0x60 ./Core/Src/main.o
 .debug_aranges
                0x0000000000000170       0x78 ./Core/Src/stm32f1xx_hal_msp.o
 .debug_aranges
                0x00000000000001e8       0x78 ./Core/Src/stm32f1xx_it.o
 .debug_aranges
                0x0000000000000260       0x28 ./Core/Src/system_stm32f1xx.o
 .debug_aranges
                0x0000000000000288       0x28 ./Core/Startup/startup_stm32f103rbtx.o
 .debug_aranges
                0x00000000000002b0       0xe0 ./Drivers/STM32F1xx_HAL_Driver/Src/stm32f1xx_hal.o
 .debug_aranges
                0x0000000000000390       0xf0 ./Drivers/STM32F1xx_HAL_Driver/Src/stm32f1xx_hal_adc.o
 .debug_aranges
                0x0000000000000480      0x100 ./Drivers/STM32F1xx_HAL_Driver/Src/stm32f1xx_hal_cortex.o
 .debug_aranges
                0x0000000000000580       0x80 ./Drivers/STM32F1xx_HAL_Driver/Src/stm32f1xx_hal_dma.o
 .debug_aranges
                0x0000000000000600       0x58 ./Drivers/STM32F1xx_HAL_Driver/Src/stm32f1xx_hal_gpio.o
 .debug_aranges
                0x0000000000000658      0x2a0 ./Drivers/STM32F1xx_HAL_Driver/Src/stm32f1xx_hal_i2c.o
 .debug_aranges
                0x00000000000008f8      0x138 ./Drivers/STM32F1xx_HAL_Driver/Src/stm32f1xx_hal_pcd.o
 .debug_aranges
                0x0000000000000a30       0x38 ./Drivers/STM32F1xx_HAL_Driver/Src/stm32f1xx_hal_pcd_ex.o
 .debug_aranges
                0x0000000000000a68       0x90 ./Drivers/STM32F1xx_HAL_Driver/Src/stm32f1xx_hal_rcc.o
 .debug_aranges
                0x0000000000000af8       0x30 ./Drivers/STM32F1xx_HAL_Driver/Src/stm32f1xx_hal_rcc_ex.o
 .debug_aranges
                0x0000000000000b28      0x1d0 ./Drivers/STM32F1xx_HAL_Driver/Src/stm32f1xx_hal_spi.o
 .debug_aranges
                0x0000000000000cf8      0x3d0 ./Drivers/STM32F1xx_HAL_Driver/Src/stm32f1xx_hal_tim.o
 .debug_aranges
                0x00000000000010c8      0x168 ./Drivers/STM32F1xx_HAL_Driver/Src/stm32f1xx_hal_tim_ex.o
 .debug_aranges
                0x0000000000001230      0x200 ./Drivers/STM32F1xx_HAL_Driver/Src/stm32f1xx_hal_uart.o
 .debug_aranges
                0x0000000000001430       0xf0 ./Drivers/STM32F1xx_HAL_Driver/Src/stm32f1xx_ll_usb.o
 .debug_aranges
                0x0000000000001520       0x78 ./Middlewares/ST/STM32_USB_Device_Library/Class/CustomHID/Src/usbd_customhid.o
 .debug_aranges
                0x0000000000001598       0xb8 ./Middlewares/ST/STM32_USB_Device_Library/Core/Src/usbd_core.o
 .debug_aranges
                0x0000000000001650       0x88 ./Middlewares/ST/STM32_USB_Device_Library/Core/Src/usbd_ctlreq.o
 .debug_aranges
                0x00000000000016d8       0x50 ./Middlewares/ST/STM32_USB_Device_Library/Core/Src/usbd_ioreq.o
 .debug_aranges
                0x0000000000001728       0x20 ./USB_DEVICE/App/usb_device.o
 .debug_aranges
                0x0000000000001748       0x30 ./USB_DEVICE/App/usbd_custom_hid_if.o
 .debug_aranges
                0x0000000000001778       0x60 ./USB_DEVICE/App/usbd_desc.o
 .debug_aranges
                0x00000000000017d8      0x118 ./USB_DEVICE/Target/usbd_conf.o

.debug_ranges   0x0000000000000000     0x1780
 .debug_ranges  0x0000000000000000      0x100 ./Core/Src/liquidcrystal_i2c.o
 .debug_ranges  0x0000000000000100       0x50 ./Core/Src/main.o
 .debug_ranges  0x0000000000000150       0x68 ./Core/Src/stm32f1xx_hal_msp.o
 .debug_ranges  0x00000000000001b8       0x68 ./Core/Src/stm32f1xx_it.o
 .debug_ranges  0x0000000000000220       0x18 ./Core/Src/system_stm32f1xx.o
 .debug_ranges  0x0000000000000238       0x20 ./Core/Startup/startup_stm32f103rbtx.o
 .debug_ranges  0x0000000000000258       0xd0 ./Drivers/STM32F1xx_HAL_Driver/Src/stm32f1xx_hal.o
 .debug_ranges  0x0000000000000328       0xe0 ./Drivers/STM32F1xx_HAL_Driver/Src/stm32f1xx_hal_adc.o
 .debug_ranges  0x0000000000000408       0xf0 ./Drivers/STM32F1xx_HAL_Driver/Src/stm32f1xx_hal_cortex.o
 .debug_ranges  0x00000000000004f8       0x70 ./Drivers/STM32F1xx_HAL_Driver/Src/stm32f1xx_hal_dma.o
 .debug_ranges  0x0000000000000568       0x48 ./Drivers/STM32F1xx_HAL_Driver/Src/stm32f1xx_hal_gpio.o
 .debug_ranges  0x00000000000005b0      0x2b8 ./Drivers/STM32F1xx_HAL_Driver/Src/stm32f1xx_hal_i2c.o
 .debug_ranges  0x0000000000000868      0x128 ./Drivers/STM32F1xx_HAL_Driver/Src/stm32f1xx_hal_pcd.o
 .debug_ranges  0x0000000000000990       0x28 ./Drivers/STM32F1xx_HAL_Driver/Src/stm32f1xx_hal_pcd_ex.o
 .debug_ranges  0x00000000000009b8       0x80 ./Drivers/STM32F1xx_HAL_Driver/Src/stm32f1xx_hal_rcc.o
 .debug_ranges  0x0000000000000a38       0x20 ./Drivers/STM32F1xx_HAL_Driver/Src/stm32f1xx_hal_rcc_ex.o
 .debug_ranges  0x0000000000000a58      0x1c0 ./Drivers/STM32F1xx_HAL_Driver/Src/stm32f1xx_hal_spi.o
 .debug_ranges  0x0000000000000c18      0x3c0 ./Drivers/STM32F1xx_HAL_Driver/Src/stm32f1xx_hal_tim.o
 .debug_ranges  0x0000000000000fd8      0x158 ./Drivers/STM32F1xx_HAL_Driver/Src/stm32f1xx_hal_tim_ex.o
 .debug_ranges  0x0000000000001130      0x220 ./Drivers/STM32F1xx_HAL_Driver/Src/stm32f1xx_hal_uart.o
 .debug_ranges  0x0000000000001350       0xe0 ./Drivers/STM32F1xx_HAL_Driver/Src/stm32f1xx_ll_usb.o
 .debug_ranges  0x0000000000001430       0x68 ./Middlewares/ST/STM32_USB_Device_Library/Class/CustomHID/Src/usbd_customhid.o
 .debug_ranges  0x0000000000001498       0xa8 ./Middlewares/ST/STM32_USB_Device_Library/Core/Src/usbd_core.o
 .debug_ranges  0x0000000000001540       0x78 ./Middlewares/ST/STM32_USB_Device_Library/Core/Src/usbd_ctlreq.o
 .debug_ranges  0x00000000000015b8       0x40 ./Middlewares/ST/STM32_USB_Device_Library/Core/Src/usbd_ioreq.o
 .debug_ranges  0x00000000000015f8       0x10 ./USB_DEVICE/App/usb_device.o
 .debug_ranges  0x0000000000001608       0x20 ./USB_DEVICE/App/usbd_custom_hid_if.o
 .debug_ranges  0x0000000000001628       0x50 ./USB_DEVICE/App/usbd_desc.o
 .debug_ranges  0x0000000000001678      0x108 ./USB_DEVICE/Target/usbd_conf.o

.debug_macro    0x0000000000000000    0x1c357
 .debug_macro   0x0000000000000000      0x1fe ./Core/Src/liquidcrystal_i2c.o
 .debug_macro   0x00000000000001fe      0xa6c ./Core/Src/liquidcrystal_i2c.o
 .debug_macro   0x0000000000000c6a      0x233 ./Core/Src/liquidcrystal_i2c.o
 .debug_macro   0x0000000000000e9d       0x2e ./Core/Src/liquidcrystal_i2c.o
 .debug_macro   0x0000000000000ecb       0x22 ./Core/Src/liquidcrystal_i2c.o
 .debug_macro   0x0000000000000eed       0x22 ./Core/Src/liquidcrystal_i2c.o
 .debug_macro   0x0000000000000f0f       0x8e ./Core/Src/liquidcrystal_i2c.o
 .debug_macro   0x0000000000000f9d       0x51 ./Core/Src/liquidcrystal_i2c.o
 .debug_macro   0x0000000000000fee      0x103 ./Core/Src/liquidcrystal_i2c.o
 .debug_macro   0x00000000000010f1       0x6a ./Core/Src/liquidcrystal_i2c.o
 .debug_macro   0x000000000000115b      0x1df ./Core/Src/liquidcrystal_i2c.o
 .debug_macro   0x000000000000133a       0x1c ./Core/Src/liquidcrystal_i2c.o
 .debug_macro   0x0000000000001356       0x22 ./Core/Src/liquidcrystal_i2c.o
 .debug_macro   0x0000000000001378       0xbd ./Core/Src/liquidcrystal_i2c.o
 .debug_macro   0x0000000000001435      0xd23 ./Core/Src/liquidcrystal_i2c.o
 .debug_macro   0x0000000000002158     0xe09e ./Core/Src/liquidcrystal_i2c.o
 .debug_macro   0x00000000000101f6       0x6d ./Core/Src/liquidcrystal_i2c.o
 .debug_macro   0x0000000000010263     0x3468 ./Core/Src/liquidcrystal_i2c.o
 .debug_macro   0x00000000000136cb      0x174 ./Core/Src/liquidcrystal_i2c.o
 .debug_macro   0x000000000001383f       0x5c ./Core/Src/liquidcrystal_i2c.o
 .debug_macro   0x000000000001389b      0x5be ./Core/Src/liquidcrystal_i2c.o
 .debug_macro   0x0000000000013e59      0x289 ./Core/Src/liquidcrystal_i2c.o
 .debug_macro   0x00000000000140e2      0x1cb ./Core/Src/liquidcrystal_i2c.o
 .debug_macro   0x00000000000142ad      0x114 ./Core/Src/liquidcrystal_i2c.o
 .debug_macro   0x00000000000143c1      0x1b2 ./Core/Src/liquidcrystal_i2c.o
 .debug_macro   0x0000000000014573       0x27 ./Core/Src/liquidcrystal_i2c.o
 .debug_macro   0x000000000001459a      0x136 ./Core/Src/liquidcrystal_i2c.o
 .debug_macro   0x00000000000146d0      0x1bc ./Core/Src/liquidcrystal_i2c.o
 .debug_macro   0x000000000001488c       0x34 ./Core/Src/liquidcrystal_i2c.o
 .debug_macro   0x00000000000148c0       0x3c ./Core/Src/liquidcrystal_i2c.o
 .debug_macro   0x00000000000148fc       0x57 ./Core/Src/liquidcrystal_i2c.o
 .debug_macro   0x0000000000014953      0x46a ./Core/Src/liquidcrystal_i2c.o
 .debug_macro   0x0000000000014dbd      0x1b5 ./Core/Src/liquidcrystal_i2c.o
 .debug_macro   0x0000000000014f72       0x88 ./Core/Src/liquidcrystal_i2c.o
 .debug_macro   0x0000000000014ffa      0x241 ./Core/Src/liquidcrystal_i2c.o
 .debug_macro   0x000000000001523b      0x287 ./Core/Src/liquidcrystal_i2c.o
 .debug_macro   0x00000000000154c2      0x141 ./Core/Src/liquidcrystal_i2c.o
 .debug_macro   0x0000000000015603      0x217 ./Core/Src/liquidcrystal_i2c.o
 .debug_macro   0x000000000001581a      0x8d1 ./Core/Src/liquidcrystal_i2c.o
 .debug_macro   0x00000000000160eb      0x279 ./Core/Src/liquidcrystal_i2c.o
 .debug_macro   0x0000000000016364       0x65 ./Core/Src/liquidcrystal_i2c.o
 .debug_macro   0x00000000000163c9      0x249 ./Core/Src/liquidcrystal_i2c.o
 .debug_macro   0x0000000000016612       0x83 ./Core/Src/liquidcrystal_i2c.o
 .debug_macro   0x0000000000016695       0xd0 ./Core/Src/liquidcrystal_i2c.o
 .debug_macro   0x0000000000016765      0x3fe ./Core/Src/main.o
 .debug_macro   0x0000000000016b63       0x46 ./Core/Src/main.o
 .debug_macro   0x0000000000016ba9       0x52 ./Core/Src/main.o
 .debug_macro   0x0000000000016bfb       0x18 ./Core/Src/main.o
 .debug_macro   0x0000000000016c13       0x3c ./Core/Src/main.o
 .debug_macro   0x0000000000016c4f       0x34 ./Core/Src/main.o
 .debug_macro   0x0000000000016c83       0x16 ./Core/Src/main.o
 .debug_macro   0x0000000000016c99       0x35 ./Core/Src/main.o
 .debug_macro   0x0000000000016cce      0x341 ./Core/Src/main.o
 .debug_macro   0x000000000001700f       0x10 ./Core/Src/main.o
 .debug_macro   0x000000000001701f       0x16 ./Core/Src/main.o
 .debug_macro   0x0000000000017035       0x43 ./Core/Src/main.o
 .debug_macro   0x0000000000017078       0x34 ./Core/Src/main.o
 .debug_macro   0x00000000000170ac       0x10 ./Core/Src/main.o
 .debug_macro   0x00000000000170bc       0x58 ./Core/Src/main.o
 .debug_macro   0x0000000000017114       0x71 ./Core/Src/main.o
 .debug_macro   0x0000000000017185       0x1c ./Core/Src/main.o
 .debug_macro   0x00000000000171a1      0x12a ./Core/Src/main.o
 .debug_macro   0x00000000000172cb       0x10 ./Core/Src/main.o
 .debug_macro   0x00000000000172db       0x1c ./Core/Src/main.o
 .debug_macro   0x00000000000172f7       0x52 ./Core/Src/main.o
 .debug_macro   0x0000000000017349       0x22 ./Core/Src/main.o
 .debug_macro   0x000000000001736b       0x10 ./Core/Src/main.o
 .debug_macro   0x000000000001737b       0x52 ./Core/Src/main.o
 .debug_macro   0x00000000000173cd       0xd5 ./Core/Src/main.o
 .debug_macro   0x00000000000174a2       0x1c ./Core/Src/main.o
 .debug_macro   0x00000000000174be       0x3d ./Core/Src/main.o
 .debug_macro   0x00000000000174fb       0x16 ./Core/Src/main.o
 .debug_macro   0x0000000000017511      0x145 ./Core/Src/main.o
 .debug_macro   0x0000000000017656       0x16 ./Core/Src/main.o
 .debug_macro   0x000000000001766c       0x16 ./Core/Src/main.o
 .debug_macro   0x0000000000017682       0x29 ./Core/Src/main.o
 .debug_macro   0x00000000000176ab       0x16 ./Core/Src/main.o
 .debug_macro   0x00000000000176c1       0x20 ./Core/Src/main.o
 .debug_macro   0x00000000000176e1       0x6c ./Core/Src/main.o
 .debug_macro   0x000000000001774d      0x1c8 ./Core/Src/main.o
 .debug_macro   0x0000000000017915       0xd6 ./Core/Src/main.o
 .debug_macro   0x00000000000179eb      0x1fe ./Core/Src/stm32f1xx_hal_msp.o
 .debug_macro   0x0000000000017be9      0x208 ./Core/Src/stm32f1xx_it.o
 .debug_macro   0x0000000000017df1      0x1ef ./Core/Src/system_stm32f1xx.o
 .debug_macro   0x0000000000017fe0      0x213 ./Drivers/STM32F1xx_HAL_Driver/Src/stm32f1xx_hal.o
 .debug_macro   0x00000000000181f3      0x20c ./Drivers/STM32F1xx_HAL_Driver/Src/stm32f1xx_hal_adc.o
 .debug_macro   0x00000000000183ff      0x1ef ./Drivers/STM32F1xx_HAL_Driver/Src/stm32f1xx_hal_cortex.o
 .debug_macro   0x00000000000185ee      0x1ef ./Drivers/STM32F1xx_HAL_Driver/Src/stm32f1xx_hal_dma.o
 .debug_macro   0x00000000000187dd      0x25a ./Drivers/STM32F1xx_HAL_Driver/Src/stm32f1xx_hal_gpio.o
 .debug_macro   0x0000000000018a37      0x236 ./Drivers/STM32F1xx_HAL_Driver/Src/stm32f1xx_hal_i2c.o
 .debug_macro   0x0000000000018c6d      0x1fb ./Drivers/STM32F1xx_HAL_Driver/Src/stm32f1xx_hal_pcd.o
 .debug_macro   0x0000000000018e68      0x1ef ./Drivers/STM32F1xx_HAL_Driver/Src/stm32f1xx_hal_pcd_ex.o
 .debug_macro   0x0000000000019057      0x201 ./Drivers/STM32F1xx_HAL_Driver/Src/stm32f1xx_hal_rcc.o
 .debug_macro   0x0000000000019258      0x1ef ./Drivers/STM32F1xx_HAL_Driver/Src/stm32f1xx_hal_rcc_ex.o
 .debug_macro   0x0000000000019447      0x1f7 ./Drivers/STM32F1xx_HAL_Driver/Src/stm32f1xx_hal_spi.o
 .debug_macro   0x000000000001963e      0x1f0 ./Drivers/STM32F1xx_HAL_Driver/Src/stm32f1xx_hal_tim.o
 .debug_macro   0x000000000001982e      0x1ef ./Drivers/STM32F1xx_HAL_Driver/Src/stm32f1xx_hal_tim_ex.o
 .debug_macro   0x0000000000019a1d      0x1f0 ./Drivers/STM32F1xx_HAL_Driver/Src/stm32f1xx_hal_uart.o
 .debug_macro   0x0000000000019c0d      0x1ef ./Drivers/STM32F1xx_HAL_Driver/Src/stm32f1xx_ll_usb.o
 .debug_macro   0x0000000000019dfc      0x414 ./Middlewares/ST/STM32_USB_Device_Library/Class/CustomHID/Src/usbd_customhid.o
 .debug_macro   0x000000000001a210       0x97 ./Middlewares/ST/STM32_USB_Device_Library/Class/CustomHID/Src/usbd_customhid.o
 .debug_macro   0x000000000001a2a7       0xfd ./Middlewares/ST/STM32_USB_Device_Library/Class/CustomHID/Src/usbd_customhid.o
 .debug_macro   0x000000000001a3a4       0x56 ./Middlewares/ST/STM32_USB_Device_Library/Class/CustomHID/Src/usbd_customhid.o
 .debug_macro   0x000000000001a3fa       0x65 ./Middlewares/ST/STM32_USB_Device_Library/Class/CustomHID/Src/usbd_customhid.o
 .debug_macro   0x000000000001a45f      0x3fb ./Middlewares/ST/STM32_USB_Device_Library/Core/Src/usbd_core.o
 .debug_macro   0x000000000001a85a      0x1ce ./Middlewares/ST/STM32_USB_Device_Library/Core/Src/usbd_core.o
 .debug_macro   0x000000000001aa28      0x405 ./Middlewares/ST/STM32_USB_Device_Library/Core/Src/usbd_ctlreq.o
 .debug_macro   0x000000000001ae2d      0x401 ./Middlewares/ST/STM32_USB_Device_Library/Core/Src/usbd_ioreq.o
 .debug_macro   0x000000000001b22e      0x435 ./USB_DEVICE/App/usb_device.o
 .debug_macro   0x000000000001b663       0x4c ./USB_DEVICE/App/usb_device.o
 .debug_macro   0x000000000001b6af       0x22 ./USB_DEVICE/App/usb_device.o
 .debug_macro   0x000000000001b6d1      0x41a ./USB_DEVICE/App/usbd_custom_hid_if.o
 .debug_macro   0x000000000001baeb      0x438 ./USB_DEVICE/App/usbd_desc.o
 .debug_macro   0x000000000001bf23       0x1c ./USB_DEVICE/App/usbd_desc.o
 .debug_macro   0x000000000001bf3f      0x418 ./USB_DEVICE/Target/usbd_conf.o

.debug_line     0x0000000000000000    0x1e919
 .debug_line    0x0000000000000000      0xb78 ./Core/Src/liquidcrystal_i2c.o
 .debug_line    0x0000000000000b78      0xe47 ./Core/Src/main.o
 .debug_line    0x00000000000019bf      0x920 ./Core/Src/stm32f1xx_hal_msp.o
 .debug_line    0x00000000000022df      0x896 ./Core/Src/stm32f1xx_it.o
 .debug_line    0x0000000000002b75      0x80a ./Core/Src/system_stm32f1xx.o
 .debug_line    0x000000000000337f       0x87 ./Core/Startup/startup_stm32f103rbtx.o
 .debug_line    0x0000000000003406      0xa37 ./Drivers/STM32F1xx_HAL_Driver/Src/stm32f1xx_hal.o
 .debug_line    0x0000000000003e3d     0x10ae ./Drivers/STM32F1xx_HAL_Driver/Src/stm32f1xx_hal_adc.o
 .debug_line    0x0000000000004eeb      0xc1f ./Drivers/STM32F1xx_HAL_Driver/Src/stm32f1xx_hal_cortex.o
 .debug_line    0x0000000000005b0a      0xe8f ./Drivers/STM32F1xx_HAL_Driver/Src/stm32f1xx_hal_dma.o
 .debug_line    0x0000000000006999      0xace ./Drivers/STM32F1xx_HAL_Driver/Src/stm32f1xx_hal_gpio.o
 .debug_line    0x0000000000007467     0x3b21 ./Drivers/STM32F1xx_HAL_Driver/Src/stm32f1xx_hal_i2c.o
 .debug_line    0x000000000000af88     0x1425 ./Drivers/STM32F1xx_HAL_Driver/Src/stm32f1xx_hal_pcd.o
 .debug_line    0x000000000000c3ad      0x805 ./Drivers/STM32F1xx_HAL_Driver/Src/stm32f1xx_hal_pcd_ex.o
 .debug_line    0x000000000000cbb2      0xe45 ./Drivers/STM32F1xx_HAL_Driver/Src/stm32f1xx_hal_rcc.o
 .debug_line    0x000000000000d9f7      0x983 ./Drivers/STM32F1xx_HAL_Driver/Src/stm32f1xx_hal_rcc_ex.o
 .debug_line    0x000000000000e37a     0x1cbc ./Drivers/STM32F1xx_HAL_Driver/Src/stm32f1xx_hal_spi.o
 .debug_line    0x0000000000010036     0x33ed ./Drivers/STM32F1xx_HAL_Driver/Src/stm32f1xx_hal_tim.o
 .debug_line    0x0000000000013423     0x195f ./Drivers/STM32F1xx_HAL_Driver/Src/stm32f1xx_hal_tim_ex.o
 .debug_line    0x0000000000014d82     0x1b12 ./Drivers/STM32F1xx_HAL_Driver/Src/stm32f1xx_hal_uart.o
 .debug_line    0x0000000000016894     0x116a ./Drivers/STM32F1xx_HAL_Driver/Src/stm32f1xx_ll_usb.o
 .debug_line    0x00000000000179fe      0xe43 ./Middlewares/ST/STM32_USB_Device_Library/Class/CustomHID/Src/usbd_customhid.o
 .debug_line    0x0000000000018841      0xf6c ./Middlewares/ST/STM32_USB_Device_Library/Core/Src/usbd_core.o
 .debug_line    0x00000000000197ad     0x118e ./Middlewares/ST/STM32_USB_Device_Library/Core/Src/usbd_ctlreq.o
 .debug_line    0x000000000001a93b      0xc02 ./Middlewares/ST/STM32_USB_Device_Library/Core/Src/usbd_ioreq.o
 .debug_line    0x000000000001b53d      0xbd5 ./USB_DEVICE/App/usb_device.o
 .debug_line    0x000000000001c112      0xbcf ./USB_DEVICE/App/usbd_custom_hid_if.o
 .debug_line    0x000000000001cce1      0xc8b ./USB_DEVICE/App/usbd_desc.o
 .debug_line    0x000000000001d96c      0xfad ./USB_DEVICE/Target/usbd_conf.o

.debug_str      0x0000000000000000    0x98a14
 .debug_str     0x0000000000000000    0x8d9a4 ./Core/Src/liquidcrystal_i2c.o
                                      0x8ddae (size before relaxing)
 .debug_str     0x000000000008d9a4     0x5c10 ./Core/Src/main.o
                                      0x93894 (size before relaxing)
 .debug_str     0x00000000000935b4      0x14b ./Core/Src/stm32f1xx_hal_msp.o